../Core/Src/main.c:78:1:__io_putchar	16	static
../Core/Src/main.c:86:6:HAL_GPIO_EXTI_Rising_Callback	16	static
../Core/Src/main.c:99:6:HAL_GPIO_EXTI_Falling_Callback	32	static
../Core/Src/main.c:140:6:runExample	40	static
../Core/Src/main.c:178:5:main	8	static
../Core/Src/main.c:224:6:SystemClock_Config	120	static
../Core/Src/main.c:278:13:MX_MEMORYMAP_Init	4	static
../Core/Src/main.c:299:13:MX_SPI1_Init	8	static
../Core/Src/main.c:347:13:MX_USART3_UART_Init	8	static
../Core/Src/main.c:395:13:MX_GPIO_Init	56	static
../Core/Src/main.c:460:6:Error_Handler	4	static,ignoring_inline_asm
