../Core/Src/main.c:73:1:__io_putchar	16	static
../Core/Src/main.c:80:6:HAL_GPIO_EXTI_Rising_Callback	32	static
../Core/Src/main.c:105:6:HAL_GPIO_EXTI_Falling_Callback	32	static
../Core/Src/main.c:142:6:runExample	24	static
../Core/Src/main.c:163:5:main	24	static
../Core/Src/main.c:212:6:SystemClock_Config	120	static
../Core/Src/main.c:266:13:MX_MEMORYMAP_Init	4	static
../Core/Src/main.c:287:13:MX_SPI1_Init	8	static
../Core/Src/main.c:335:13:MX_USART3_UART_Init	8	static
../Core/Src/main.c:383:13:MX_GPIO_Init	56	static
../Core/Src/main.c:448:6:Error_Handler	4	static,ignoring_inline_asm
