Archive member included to satisfy reference by file (symbol)

/opt/stm32cubeide/plugins/com.st.stm32cube.ide.mcu.externaltools.gnu-tools-for-stm32.11.3.rel1.linux64_1.1.1.202309131626/tools/bin/../lib/gcc/arm-none-eabi/11.3.1/../../../../arm-none-eabi/lib/thumb/v8-m.main+fp/hard/libc_nano.a(libc_a-exit.o)
                              /opt/stm32cubeide/plugins/com.st.stm32cube.ide.mcu.externaltools.gnu-tools-for-stm32.11.3.rel1.linux64_1.1.1.202309131626/tools/bin/../lib/gcc/arm-none-eabi/11.3.1/../../../../arm-none-eabi/lib/thumb/v8-m.main+fp/hard/crt0.o (exit)
/opt/stm32cubeide/plugins/com.st.stm32cube.ide.mcu.externaltools.gnu-tools-for-stm32.11.3.rel1.linux64_1.1.1.202309131626/tools/bin/../lib/gcc/arm-none-eabi/11.3.1/../../../../arm-none-eabi/lib/thumb/v8-m.main+fp/hard/libc_nano.a(libc_a-findfp.o)
                              /opt/stm32cubeide/plugins/com.st.stm32cube.ide.mcu.externaltools.gnu-tools-for-stm32.11.3.rel1.linux64_1.1.1.202309131626/tools/bin/../lib/gcc/arm-none-eabi/11.3.1/../../../../arm-none-eabi/lib/thumb/v8-m.main+fp/hard/libc_nano.a(libc_a-exit.o) (__stdio_exit_handler)
/opt/stm32cubeide/plugins/com.st.stm32cube.ide.mcu.externaltools.gnu-tools-for-stm32.11.3.rel1.linux64_1.1.1.202309131626/tools/bin/../lib/gcc/arm-none-eabi/11.3.1/../../../../arm-none-eabi/lib/thumb/v8-m.main+fp/hard/libc_nano.a(libc_a-fwalk.o)
                              /opt/stm32cubeide/plugins/com.st.stm32cube.ide.mcu.externaltools.gnu-tools-for-stm32.11.3.rel1.linux64_1.1.1.202309131626/tools/bin/../lib/gcc/arm-none-eabi/11.3.1/../../../../arm-none-eabi/lib/thumb/v8-m.main+fp/hard/libc_nano.a(libc_a-findfp.o) (_fwalk_sglue)
/opt/stm32cubeide/plugins/com.st.stm32cube.ide.mcu.externaltools.gnu-tools-for-stm32.11.3.rel1.linux64_1.1.1.202309131626/tools/bin/../lib/gcc/arm-none-eabi/11.3.1/../../../../arm-none-eabi/lib/thumb/v8-m.main+fp/hard/libc_nano.a(libc_a-printf.o)
                              ./Core/Src/nrf24l01.o (printf)
/opt/stm32cubeide/plugins/com.st.stm32cube.ide.mcu.externaltools.gnu-tools-for-stm32.11.3.rel1.linux64_1.1.1.202309131626/tools/bin/../lib/gcc/arm-none-eabi/11.3.1/../../../../arm-none-eabi/lib/thumb/v8-m.main+fp/hard/libc_nano.a(libc_a-puts.o)
                              ./Core/Src/main.o (puts)
/opt/stm32cubeide/plugins/com.st.stm32cube.ide.mcu.externaltools.gnu-tools-for-stm32.11.3.rel1.linux64_1.1.1.202309131626/tools/bin/../lib/gcc/arm-none-eabi/11.3.1/../../../../arm-none-eabi/lib/thumb/v8-m.main+fp/hard/libc_nano.a(libc_a-stdio.o)
                              /opt/stm32cubeide/plugins/com.st.stm32cube.ide.mcu.externaltools.gnu-tools-for-stm32.11.3.rel1.linux64_1.1.1.202309131626/tools/bin/../lib/gcc/arm-none-eabi/11.3.1/../../../../arm-none-eabi/lib/thumb/v8-m.main+fp/hard/libc_nano.a(libc_a-findfp.o) (__sread)
/opt/stm32cubeide/plugins/com.st.stm32cube.ide.mcu.externaltools.gnu-tools-for-stm32.11.3.rel1.linux64_1.1.1.202309131626/tools/bin/../lib/gcc/arm-none-eabi/11.3.1/../../../../arm-none-eabi/lib/thumb/v8-m.main+fp/hard/libc_nano.a(libc_a-wbuf.o)
                              /opt/stm32cubeide/plugins/com.st.stm32cube.ide.mcu.externaltools.gnu-tools-for-stm32.11.3.rel1.linux64_1.1.1.202309131626/tools/bin/../lib/gcc/arm-none-eabi/11.3.1/../../../../arm-none-eabi/lib/thumb/v8-m.main+fp/hard/libc_nano.a(libc_a-puts.o) (__swbuf_r)
/opt/stm32cubeide/plugins/com.st.stm32cube.ide.mcu.externaltools.gnu-tools-for-stm32.11.3.rel1.linux64_1.1.1.202309131626/tools/bin/../lib/gcc/arm-none-eabi/11.3.1/../../../../arm-none-eabi/lib/thumb/v8-m.main+fp/hard/libc_nano.a(libc_a-wsetup.o)
                              /opt/stm32cubeide/plugins/com.st.stm32cube.ide.mcu.externaltools.gnu-tools-for-stm32.11.3.rel1.linux64_1.1.1.202309131626/tools/bin/../lib/gcc/arm-none-eabi/11.3.1/../../../../arm-none-eabi/lib/thumb/v8-m.main+fp/hard/libc_nano.a(libc_a-puts.o) (__swsetup_r)
/opt/stm32cubeide/plugins/com.st.stm32cube.ide.mcu.externaltools.gnu-tools-for-stm32.11.3.rel1.linux64_1.1.1.202309131626/tools/bin/../lib/gcc/arm-none-eabi/11.3.1/../../../../arm-none-eabi/lib/thumb/v8-m.main+fp/hard/libc_nano.a(libc_a-memset.o)
                              /opt/stm32cubeide/plugins/com.st.stm32cube.ide.mcu.externaltools.gnu-tools-for-stm32.11.3.rel1.linux64_1.1.1.202309131626/tools/bin/../lib/gcc/arm-none-eabi/11.3.1/../../../../arm-none-eabi/lib/thumb/v8-m.main+fp/hard/crt0.o (memset)
/opt/stm32cubeide/plugins/com.st.stm32cube.ide.mcu.externaltools.gnu-tools-for-stm32.11.3.rel1.linux64_1.1.1.202309131626/tools/bin/../lib/gcc/arm-none-eabi/11.3.1/../../../../arm-none-eabi/lib/thumb/v8-m.main+fp/hard/libc_nano.a(libc_a-closer.o)
                              /opt/stm32cubeide/plugins/com.st.stm32cube.ide.mcu.externaltools.gnu-tools-for-stm32.11.3.rel1.linux64_1.1.1.202309131626/tools/bin/../lib/gcc/arm-none-eabi/11.3.1/../../../../arm-none-eabi/lib/thumb/v8-m.main+fp/hard/libc_nano.a(libc_a-stdio.o) (_close_r)
[...]
Memory Configuration

Name             Origin             Length             Attributes
RAM              0x0000000020000000 0x00000000000a0000 xrw
FLASH            0x0000000008000000 0x0000000000200000 xr
*default*        0x0000000000000000 0xffffffffffffffff

Linker script and memory map

LOAD /opt/stm32cubeide/plugins/com.st.stm32cube.ide.mcu.externaltools.gnu-tools-for-stm32.11.3.rel1.linux64_1.1.1.202309131626/tools/bin/../lib/gcc/arm-none-eabi/11.3.1/thumb/v8-m.main+fp/hard/crti.o
LOAD /opt/stm32cubeide/plugins/com.st.stm32cube.ide.mcu.externaltools.gnu-tools-for-stm32.11.3.rel1.linux64_1.1.1.202309131626/tools/bin/../lib/gcc/arm-none-eabi/11.3.1/thumb/v8-m.main+fp/hard/crtbegin.o
LOAD /opt/stm32cubeide/plugins/com.st.stm32cube.ide.mcu.externaltools.gnu-tools-for-stm32.11.3.rel1.linux64_1.1.1.202309131626/tools/bin/../lib/gcc/arm-none-eabi/11.3.1/../../../../arm-none-eabi/lib/thumb/v8-m.main+fp/hard/crt0.o
LOAD ./Core/Src/main.o
LOAD ./Core/Src/nrf24l01.o
LOAD ./Core/Src/stm32h5xx_hal_msp.o
LOAD ./Core/Src/stm32h5xx_it.o
LOAD ./Core/Src/syscalls.o
LOAD ./Core/Src/sysmem.o
LOAD ./Core/Src/system_stm32h5xx.o
LOAD ./Core/Startup/startup_stm32h563zitx.o
LOAD ./Drivers/STM32H5xx_HAL_Driver/Src/stm32h5xx_hal.o
LOAD ./Drivers/STM32H5xx_HAL_Driver/Src/stm32h5xx_hal_cortex.o
LOAD ./Drivers/STM32H5xx_HAL_Driver/Src/stm32h5xx_hal_dma.o
LOAD ./Drivers/STM32H5xx_HAL_Driver/Src/stm32h5xx_hal_dma_ex.o
LOAD ./Drivers/STM32H5xx_HAL_Driver/Src/stm32h5xx_hal_exti.o
LOAD ./Drivers/STM32H5xx_HAL_Driver/Src/stm32h5xx_hal_flash.o
LOAD ./Drivers/STM32H5xx_HAL_Driver/Src/stm32h5xx_hal_flash_ex.o
LOAD ./Drivers/STM32H5xx_HAL_Driver/Src/stm32h5xx_hal_gpio.o
LOAD ./Drivers/STM32H5xx_HAL_Driver/Src/stm32h5xx_hal_pwr.o
LOAD ./Drivers/STM32H5xx_HAL_Driver/Src/stm32h5xx_hal_pwr_ex.o
LOAD ./Drivers/STM32H5xx_HAL_Driver/Src/stm32h5xx_hal_rcc.o
LOAD ./Drivers/STM32H5xx_HAL_Driver/Src/stm32h5xx_hal_rcc_ex.o
LOAD ./Drivers/STM32H5xx_HAL_Driver/Src/stm32h5xx_hal_spi.o
LOAD ./Drivers/STM32H5xx_HAL_Driver/Src/stm32h5xx_hal_spi_ex.o
LOAD ./Drivers/STM32H5xx_HAL_Driver/Src/stm32h5xx_hal_uart.o
LOAD ./Drivers/STM32H5xx_HAL_Driver/Src/stm32h5xx_hal_uart_ex.o
START GROUP
LOAD /opt/stm32cubeide/plugins/com.st.stm32cube.ide.mcu.externaltools.gnu-tools-for-stm32.11.3.rel1.linux64_1.1.1.202309131626/tools/bin/../lib/gcc/arm-none-eabi/11.3.1/../../../../arm-none-eabi/lib/thumb/v8-m.main+fp/hard/libc_nano.a
LOAD /opt/stm32cubeide/plugins/com.st.stm32cube.ide.mcu.externaltools.gnu-tools-for-stm32.11.3.rel1.linux64_1.1.1.202309131626/tools/bin/../lib/gcc/arm-none-eabi/11.3.1/../../../../arm-none-eabi/lib/thumb/v8-m.main+fp/hard/libm.a
END GROUP
START GROUP
LOAD /opt/stm32cubeide/plugins/com.st.stm32cube.ide.mcu.externaltools.gnu-tools-for-stm32.11.3.rel1.linux64_1.1.1.202309131626/tools/bin/../lib/gcc/arm-none-eabi/11.3.1/thumb/v8-m.main+fp/hard/libgcc.a
LOAD /opt/stm32cubeide/plugins/com.st.stm32cube.ide.mcu.externaltools.gnu-tools-for-stm32.11.3.rel1.linux64_1.1.1.202309131626/tools/bin/../lib/gcc/arm-none-eabi/11.3.1/../../../../arm-none-eabi/lib/thumb/v8-m.main+fp/hard/libc_nano.a
END GROUP
START GROUP
LOAD /opt/stm32cubeide/plugins/com.st.stm32cube.ide.mcu.externaltools.gnu-tools-for-stm32.11.3.rel1.linux64_1.1.1.202309131626/tools/bin/../lib/gcc/arm-none-eabi/11.3.1/thumb/v8-m.main+fp/hard/libgcc.a
LOAD /opt/stm32cubeide/plugins/com.st.stm32cube.ide.mcu.externaltools.gnu-tools-for-stm32.11.3.rel1.linux64_1.1.1.202309131626/tools/bin/../lib/gcc/arm-none-eabi/11.3.1/../../../../arm-none-eabi/lib/thumb/v8-m.main+fp/hard/libc_nano.a
LOAD /opt/stm32cubeide/plugins/com.st.stm32cube.ide.mcu.externaltools.gnu-tools-for-stm32.11.3.rel1.linux64_1.1.1.202309131626/tools/bin/../lib/gcc/arm-none-eabi/11.3.1/../../../../arm-none-eabi/lib/thumb/v8-m.main+fp/hard/libnosys.a
END GROUP
START GROUP
LOAD /opt/stm32cubeide/plugins/com.st.stm32cube.ide.mcu.externaltools.gnu-tools-for-stm32.11.3.rel1.linux64_1.1.1.202309131626/tools/bin/../lib/gcc/arm-none-eabi/11.3.1/thumb/v8-m.main+fp/hard/libgcc.a
LOAD /opt/stm32cubeide/plugins/com.st.stm32cube.ide.mcu.externaltools.gnu-tools-for-stm32.11.3.rel1.linux64_1.1.1.202309131626/tools/bin/../lib/gcc/arm-none-eabi/11.3.1/../../../../arm-none-eabi/lib/thumb/v8-m.main+fp/hard/libc_nano.a
LOAD /opt/stm32cubeide/plugins/com.st.stm32cube.ide.mcu.externaltools.gnu-tools-for-stm32.11.3.rel1.linux64_1.1.1.202309131626/tools/bin/../lib/gcc/arm-none-eabi/11.3.1/../../../../arm-none-eabi/lib/thumb/v8-m.main+fp/hard/libnosys.a
END GROUP
LOAD /opt/stm32cubeide/plugins/com.st.stm32cube.ide.mcu.externaltools.gnu-tools-for-stm32.11.3.rel1.linux64_1.1.1.202309131626/tools/bin/../lib/gcc/arm-none-eabi/11.3.1/thumb/v8-m.main+fp/hard/crtend.o
LOAD /opt/stm32cubeide/plugins/com.st.stm32cube.ide.mcu.externaltools.gnu-tools-for-stm32.11.3.rel1.linux64_1.1.1.202309131626/tools/bin/../lib/gcc/arm-none-eabi/11.3.1/thumb/v8-m.main+fp/hard/crtn.o
                0x00000000200a0000                _estack = (ORIGIN (RAM) + LENGTH (RAM))
                0x0000000000000200                _Min_Heap_Size = 0x200
                0x0000000000000400                _Min_Stack_Size = 0x400

.isr_vector     0x0000000008000000      0x24c
                0x0000000008000000                . = ALIGN (0x4)
 *(.isr_vector)
 .isr_vector    0x0000000008000000      0x24c ./Core/Startup/startup_stm32h563zitx.o
                0x0000000008000000                g_pfnVectors
                0x000000000800024c                . = ALIGN (0x4)

.text           0x000000000800024c     0xa758
                0x000000000800024c                . = ALIGN (0x4)
 *(.text)
 .text          0x000000000800024c       0x40 /opt/stm32cubeide/plugins/com.st.stm32cube.ide.mcu.externaltools.gnu-tools-for-stm32.11.3.rel1.linux64_1.1.1.202309131626/tools/bin/../lib/gcc/arm-none-eabi/11.3.1/thumb/v8-m.main+fp/hard/crtbegin.o
 .text          0x000000000800028c       0x30 /opt/stm32cubeide/plugins/com.st.stm32cube.ide.mcu.externaltools.gnu-tools-for-stm32.11.3.rel1.linux64_1.1.1.202309131626/tools/bin/../lib/gcc/arm-none-eabi/11.3.1/thumb/v8-m.main+fp/hard/libgcc.a(_aeabi_uldivmod.o)
                0x000000000800028c                __aeabi_uldivmod
 .text          0x00000000080002bc      0x2ec /opt/stm32cubeide/plugins/com.st.stm32cube.ide.mcu.externaltools.gnu-tools-for-stm32.11.3.rel1.linux64_1.1.1.202309131626/tools/bin/../lib/gcc/arm-none-eabi/11.3.1/thumb/v8-m.main+fp/hard/libgcc.a(_udivmoddi4.o)
                0x00000000080002bc                __udivmoddi4
 .text          0x00000000080005a8        0x4 /opt/stm32cubeide/plugins/com.st.stm32cube.ide.mcu.externaltools.gnu-tools-for-stm32.11.3.rel1.linux64_1.1.1.202309131626/tools/bin/../lib/gcc/arm-none-eabi/11.3.1/thumb/v8-m.main+fp/hard/libgcc.a(_dvmd_tls.o)
                0x00000000080005a8                __aeabi_ldiv0
                0x00000000080005a8                __aeabi_idiv0
 *(.text*)
 .text.__io_putchar
                0x00000000080005ac       0x24 ./Core/Src/main.o
                0x00000000080005ac                __io_putchar
 .text.HAL_GPIO_EXTI_Rising_Callback
                0x00000000080005d0       0x9c ./Core/Src/main.o
                0x00000000080005d0                HAL_GPIO_EXTI_Rising_Callback
 .text.runExample
                0x000000000800066c       0x78 ./Core/Src/main.o
                0x000000000800066c                runExample
 .text.main     0x00000000080006e4       0x22 ./Core/Src/main.o
                0x00000000080006e4                main
 *fill*         0x0000000008000706        0x2 
 .text.SystemClock_Config
                0x0000000008000708       0xd0 ./Core/Src/main.o
                0x0000000008000708                SystemClock_Config
 .text.MX_MEMORYMAP_Init
                0x00000000080007d8        0xe ./Core/Src/main.o
 *fill*         0x00000000080007e6        0x2 
 .text.MX_SPI1_Init
                0x00000000080007e8       0xac ./Core/Src/main.o
 .text.MX_USART3_UART_Init
                0x0000000008000894       0x98 ./Core/Src/main.o
 .text.MX_GPIO_Init
                0x000000000800092c      0x140 ./Core/Src/main.o
 .text.Error_Handler
                0x0000000008000a6c        0xa ./Core/Src/main.o
                0x0000000008000a6c                Error_Handler
 *fill*         0x0000000008000a76        0x2 
 .text.csn_set  0x0000000008000a78       0x20 ./Core/Src/nrf24l01.o
                0x0000000008000a78                csn_set
 .text.csn_reset
                0x0000000008000a98       0x20 ./Core/Src/nrf24l01.o
                0x0000000008000a98                csn_reset
 .text.ce_set   0x0000000008000ab8       0x20 ./Core/Src/nrf24l01.o
                0x0000000008000ab8                ce_set
 .text.ce_reset
                0x0000000008000ad8       0x20 ./Core/Src/nrf24l01.o
                0x0000000008000ad8                ce_reset
 .text.NRF_Init
                0x0000000008000af8       0x5c ./Core/Src/nrf24l01.o
                0x0000000008000af8                NRF_Init
 .text.NRF_SendCommand
                0x0000000008000b54       0x48 ./Core/Src/nrf24l01.o
                0x0000000008000b54                NRF_SendCommand
 .text.NRF_SendWriteCommand
                0x0000000008000b9c       0x6c ./Core/Src/nrf24l01.o
                0x0000000008000b9c                NRF_SendWriteCommand
 .text.NRF_SendReadCommand
                0x0000000008000c08       0x6c ./Core/Src/nrf24l01.o
                0x0000000008000c08                NRF_SendReadCommand
 .text.NRF_EnterMode
                0x0000000008000c74       0x7a ./Core/Src/nrf24l01.o
                0x0000000008000c74                NRF_EnterMode
 .text.NRF_WritePayload
                0x0000000008000cee       0x22 ./Core/Src/nrf24l01.o
                0x0000000008000cee                NRF_WritePayload
 .text.NRF_TransmitAndWait
                0x0000000008000d10       0x70 ./Core/Src/nrf24l01.o
                0x0000000008000d10                NRF_TransmitAndWait
 .text.NRF_WriteRegister
                0x0000000008000d80       0x2c ./Core/Src/nrf24l01.o
                0x0000000008000d80                NRF_WriteRegister
 .text.NRF_WriteRegisterByte
                0x0000000008000dac       0x2c ./Core/Src/nrf24l01.o
                0x0000000008000dac                NRF_WriteRegisterByte
 .text.NRF_SetRegisterBit
                0x0000000008000dd8       0x62 ./Core/Src/nrf24l01.o
                0x0000000008000dd8                NRF_SetRegisterBit
 .text.NRF_ResetRegisterBit
                0x0000000008000e3a       0x66 ./Core/Src/nrf24l01.o
                0x0000000008000e3a                NRF_ResetRegisterBit
 .text.NRF_ReadRegister
                0x0000000008000ea0       0x26 ./Core/Src/nrf24l01.o
                0x0000000008000ea0                NRF_ReadRegister
 *fill*         0x0000000008000ec6        0x2 
 .text.NRF_ReadStatus
                0x0000000008000ec8       0x38 ./Core/Src/nrf24l01.o
                0x0000000008000ec8                NRF_ReadStatus
 .text.NRF_Reset
                0x0000000008000f00      0x12c ./Core/Src/nrf24l01.o
                0x0000000008000f00                NRF_Reset
 .text.NRF_PrintStatus
                0x000000000800102c       0xdc ./Core/Src/nrf24l01.o
                0x000000000800102c                NRF_PrintStatus
 .text.HAL_MspInit
                0x0000000008001108        0xe ./Core/Src/stm32h5xx_hal_msp.o
                0x0000000008001108                HAL_MspInit
 *fill*         0x0000000008001116        0x2 
 .text.HAL_SPI_MspInit
                0x0000000008001118      0x1d8 ./Core/Src/stm32h5xx_hal_msp.o
                0x0000000008001118                HAL_SPI_MspInit
 .text.HAL_UART_MspInit
                0x00000000080012f0      0x11c ./Core/Src/stm32h5xx_hal_msp.o
                0x00000000080012f0                HAL_UART_MspInit
 .text.NMI_Handler
                0x000000000800140c        0x6 ./Core/Src/stm32h5xx_it.o
                0x000000000800140c                NMI_Handler
 .text.HardFault_Handler
                0x0000000008001412        0x6 ./Core/Src/stm32h5xx_it.o
                0x0000000008001412                HardFault_Handler
 .text.MemManage_Handler
                0x0000000008001418        0x6 ./Core/Src/stm32h5xx_it.o
                0x0000000008001418                MemManage_Handler
 .text.BusFault_Handler
                0x000000000800141e        0x6 ./Core/Src/stm32h5xx_it.o
                0x000000000800141e                BusFault_Handler
 .text.UsageFault_Handler
                0x0000000008001424        0x6 ./Core/Src/stm32h5xx_it.o
                0x0000000008001424                UsageFault_Handler
 .text.SVC_Handler
                0x000000000800142a        0xe ./Core/Src/stm32h5xx_it.o
                0x000000000800142a                SVC_Handler
 .text.DebugMon_Handler
                0x0000000008001438        0xe ./Core/Src/stm32h5xx_it.o
                0x0000000008001438                DebugMon_Handler
 .text.PendSV_Handler
                0x0000000008001446        0xe ./Core/Src/stm32h5xx_it.o
                0x0000000008001446                PendSV_Handler
 .text.SysTick_Handler
                0x0000000008001454        0xc ./Core/Src/stm32h5xx_it.o
                0x0000000008001454                SysTick_Handler
 .text.EXTI13_IRQHandler
                0x0000000008001460       0x10 ./Core/Src/stm32h5xx_it.o
                0x0000000008001460                EXTI13_IRQHandler
 .text._read    0x0000000008001470       0x3a ./Core/Src/syscalls.o
                0x0000000008001470                _read
 .text._write   0x00000000080014aa       0x38 ./Core/Src/syscalls.o
                0x00000000080014aa                _write
 .text._close   0x00000000080014e2       0x18 ./Core/Src/syscalls.o
                0x00000000080014e2                _close
 .text._fstat   0x00000000080014fa       0x20 ./Core/Src/syscalls.o
                0x00000000080014fa                _fstat
 .text._isatty  0x000000000800151a       0x16 ./Core/Src/syscalls.o
                0x000000000800151a                _isatty
 .text._lseek   0x0000000008001530       0x1a ./Core/Src/syscalls.o
                0x0000000008001530                _lseek
 *fill*         0x000000000800154a        0x2 
 .text._sbrk    0x000000000800154c       0x6c ./Core/Src/sysmem.o
                0x000000000800154c                _sbrk
 .text.SystemInit
                0x00000000080015b8       0xf8 ./Core/Src/system_stm32h5xx.o
                0x00000000080015b8                SystemInit
 .text.Reset_Handler
                0x00000000080016b0       0x50 ./Core/Startup/startup_stm32h563zitx.o
                0x00000000080016b0                Reset_Handler
 .text.Default_Handler
                0x0000000008001700        0x2 ./Core/Startup/startup_stm32h563zitx.o
                0x0000000008001700                EXTI2_IRQHandler
                0x0000000008001700                TIM8_TRG_COM_IRQHandler
                0x0000000008001700                TIM8_CC_IRQHandler
                0x0000000008001700                EXTI5_IRQHandler
                0x0000000008001700                I3C1_ER_IRQHandler
                0x0000000008001700                UART8_IRQHandler
                0x0000000008001700                SPI4_IRQHandler
                0x0000000008001700                GPDMA2_Channel1_IRQHandler
                0x0000000008001700                FLASH_S_IRQHandler
                0x0000000008001700                TIM1_CC_IRQHandler
                0x0000000008001700                GPDMA2_Channel3_IRQHandler
                0x0000000008001700                TAMP_IRQHandler
                0x0000000008001700                TIM6_IRQHandler
                0x0000000008001700                EXTI12_IRQHandler
                0x0000000008001700                CORDIC_IRQHandler
                0x0000000008001700                USB_DRD_FS_IRQHandler
                0x0000000008001700                EXTI3_IRQHandler
                0x0000000008001700                LPTIM4_IRQHandler
                0x0000000008001700                GPDMA1_Channel5_IRQHandler
                0x0000000008001700                EXTI8_IRQHandler
                0x0000000008001700                GPDMA2_Channel5_IRQHandler
                0x0000000008001700                LPTIM2_IRQHandler
                0x0000000008001700                I2C3_ER_IRQHandler
                0x0000000008001700                GPDMA2_Channel2_IRQHandler
                0x0000000008001700                USART10_IRQHandler
                0x0000000008001700                LPTIM3_IRQHandler
                0x0000000008001700                EXTI0_IRQHandler
                0x0000000008001700                I2C2_EV_IRQHandler
                0x0000000008001700                FPU_IRQHandler
                0x0000000008001700                GPDMA1_Channel3_IRQHandler
                0x0000000008001700                GPDMA1_Channel7_IRQHandler
                0x0000000008001700                FDCAN1_IT1_IRQHandler
                0x0000000008001700                RAMCFG_IRQHandler
                0x0000000008001700                DCACHE1_IRQHandler
                0x0000000008001700                SPI1_IRQHandler
                0x0000000008001700                OCTOSPI1_IRQHandler
                0x0000000008001700                GPDMA1_Channel2_IRQHandler
                0x0000000008001700                TIM8_UP_IRQHandler
                0x0000000008001700                RCC_S_IRQHandler
                0x0000000008001700                SAI2_IRQHandler
                0x0000000008001700                ADC1_IRQHandler
                0x0000000008001700                USART6_IRQHandler
                0x0000000008001700                EXTI15_IRQHandler
                0x0000000008001700                TIM17_IRQHandler
                0x0000000008001700                USART3_IRQHandler
                0x0000000008001700                RTC_IRQHandler
                0x0000000008001700                EXTI9_IRQHandler
                0x0000000008001700                LPTIM5_IRQHandler
                0x0000000008001700                UART5_IRQHandler
                0x0000000008001700                TIM4_IRQHandler
                0x0000000008001700                I2C1_EV_IRQHandler
                0x0000000008001700                GPDMA1_Channel1_IRQHandler
                0x0000000008001700                TIM16_IRQHandler
                0x0000000008001700                UART4_IRQHandler
                0x0000000008001700                SecureFault_Handler
                0x0000000008001700                TIM3_IRQHandler
                0x0000000008001700                RCC_IRQHandler
                0x0000000008001700                UART9_IRQHandler
                0x0000000008001700                TIM1_TRG_COM_IRQHandler
                0x0000000008001700                Default_Handler
                0x0000000008001700                FMAC_IRQHandler
                0x0000000008001700                CEC_IRQHandler
                0x0000000008001700                USART11_IRQHandler
                0x0000000008001700                TIM14_IRQHandler
                0x0000000008001700                TIM13_IRQHandler
                0x0000000008001700                GPDMA2_Channel4_IRQHandler
                0x0000000008001700                SPI5_IRQHandler
                0x0000000008001700                TIM12_IRQHandler
                0x0000000008001700                TIM7_IRQHandler
                0x0000000008001700                SDMMC1_IRQHandler
                0x0000000008001700                TIM5_IRQHandler
                0x0000000008001700                UCPD1_IRQHandler
                0x0000000008001700                GPDMA1_Channel0_IRQHandler
                0x0000000008001700                I3C1_EV_IRQHandler
                0x0000000008001700                TIM15_IRQHandler
                0x0000000008001700                PVD_AVD_IRQHandler
                0x0000000008001700                I2C3_EV_IRQHandler
                0x0000000008001700                ETH_WKUP_IRQHandler
                0x0000000008001700                ADC2_IRQHandler
                0x0000000008001700                SPI2_IRQHandler
                0x0000000008001700                EXTI14_IRQHandler
                0x0000000008001700                EXTI11_IRQHandler
                0x0000000008001700                CRS_IRQHandler
                0x0000000008001700                EXTI4_IRQHandler
                0x0000000008001700                GPDMA2_Channel0_IRQHandler
                0x0000000008001700                RTC_S_IRQHandler
                0x0000000008001700                RNG_IRQHandler
                0x0000000008001700                FDCAN2_IT1_IRQHandler
                0x0000000008001700                ETH_IRQHandler
                0x0000000008001700                GPDMA2_Channel6_IRQHandler
                0x0000000008001700                TIM1_UP_IRQHandler
                0x0000000008001700                UART12_IRQHandler
                0x0000000008001700                WWDG_IRQHandler
                0x0000000008001700                SPI6_IRQHandler
                0x0000000008001700                I2C4_EV_IRQHandler
                0x0000000008001700                FDCAN2_IT0_IRQHandler
                0x0000000008001700                IWDG_IRQHandler
                0x0000000008001700                LPUART1_IRQHandler
                0x0000000008001700                FDCAN1_IT0_IRQHandler
                0x0000000008001700                TIM2_IRQHandler
                0x0000000008001700                GPDMA1_Channel4_IRQHandler
                0x0000000008001700                EXTI7_IRQHandler
                0x0000000008001700                TIM1_BRK_IRQHandler
                0x0000000008001700                EXTI1_IRQHandler
                0x0000000008001700                SDMMC2_IRQHandler
                0x0000000008001700                LPTIM6_IRQHandler
                0x0000000008001700                DAC1_IRQHandler
                0x0000000008001700                DTS_IRQHandler
                0x0000000008001700                UART7_IRQHandler
                0x0000000008001700                GTZC_IRQHandler
                0x0000000008001700                USART2_IRQHandler
                0x0000000008001700                GPDMA1_Channel6_IRQHandler
                0x0000000008001700                GPDMA2_Channel7_IRQHandler
                0x0000000008001700                I2C2_ER_IRQHandler
                0x0000000008001700                TIM8_BRK_IRQHandler
                0x0000000008001700                FLASH_IRQHandler
                0x0000000008001700                USART1_IRQHandler
                0x0000000008001700                EXTI10_IRQHandler
                0x0000000008001700                SPI3_IRQHandler
                0x0000000008001700                I2C1_ER_IRQHandler
                0x0000000008001700                FMC_IRQHandler
                0x0000000008001700                EXTI6_IRQHandler
                0x0000000008001700                LPTIM1_IRQHandler
                0x0000000008001700                DCMI_PSSI_IRQHandler
                0x0000000008001700                I2C4_ER_IRQHandler
                0x0000000008001700                ICACHE_IRQHandler
                0x0000000008001700                SAI1_IRQHandler
                0x0000000008001700                HASH_IRQHandler
 *fill*         0x0000000008001702        0x2 
 .text.HAL_Init
                0x0000000008001704       0x4c ./Drivers/STM32H5xx_HAL_Driver/Src/stm32h5xx_hal.o
                0x0000000008001704                HAL_Init
 .text.HAL_InitTick
                0x0000000008001750       0x6c ./Drivers/STM32H5xx_HAL_Driver/Src/stm32h5xx_hal.o
                0x0000000008001750                HAL_InitTick
 .text.HAL_IncTick
                0x00000000080017bc       0x28 ./Drivers/STM32H5xx_HAL_Driver/Src/stm32h5xx_hal.o
                0x00000000080017bc                HAL_IncTick
 .text.HAL_GetTick
                0x00000000080017e4       0x18 ./Drivers/STM32H5xx_HAL_Driver/Src/stm32h5xx_hal.o
                0x00000000080017e4                HAL_GetTick
 .text.HAL_Delay
                0x00000000080017fc       0x48 ./Drivers/STM32H5xx_HAL_Driver/Src/stm32h5xx_hal.o
                0x00000000080017fc                HAL_Delay
 .text.__NVIC_SetPriorityGrouping
                0x0000000008001844       0x48 ./Drivers/STM32H5xx_HAL_Driver/Src/stm32h5xx_hal_cortex.o
 .text.__NVIC_GetPriorityGrouping
                0x000000000800188c       0x1c ./Drivers/STM32H5xx_HAL_Driver/Src/stm32h5xx_hal_cortex.o
 .text.__NVIC_EnableIRQ
                0x00000000080018a8       0x3c ./Drivers/STM32H5xx_HAL_Driver/Src/stm32h5xx_hal_cortex.o
 .text.__NVIC_SetPriority
                0x00000000080018e4       0x54 ./Drivers/STM32H5xx_HAL_Driver/Src/stm32h5xx_hal_cortex.o
 .text.NVIC_EncodePriority
                0x0000000008001938       0x66 ./Drivers/STM32H5xx_HAL_Driver/Src/stm32h5xx_hal_cortex.o
 *fill*         0x000000000800199e        0x2 
 .text.SysTick_Config
                0x00000000080019a0       0x44 ./Drivers/STM32H5xx_HAL_Driver/Src/stm32h5xx_hal_cortex.o
 .text.HAL_NVIC_SetPriorityGrouping
                0x00000000080019e4       0x16 ./Drivers/STM32H5xx_HAL_Driver/Src/stm32h5xx_hal_cortex.o
                0x00000000080019e4                HAL_NVIC_SetPriorityGrouping
 .text.HAL_NVIC_SetPriority
                0x00000000080019fa       0x34 ./Drivers/STM32H5xx_HAL_Driver/Src/stm32h5xx_hal_cortex.o
                0x00000000080019fa                HAL_NVIC_SetPriority
 .text.HAL_NVIC_EnableIRQ
                0x0000000008001a2e       0x1c ./Drivers/STM32H5xx_HAL_Driver/Src/stm32h5xx_hal_cortex.o
                0x0000000008001a2e                HAL_NVIC_EnableIRQ
 .text.HAL_SYSTICK_Config
                0x0000000008001a4a       0x18 ./Drivers/STM32H5xx_HAL_Driver/Src/stm32h5xx_hal_cortex.o
                0x0000000008001a4a                HAL_SYSTICK_Config
 *fill*         0x0000000008001a62        0x2 
 .text.HAL_GPIO_Init
                0x0000000008001a64      0x2a4 ./Drivers/STM32H5xx_HAL_Driver/Src/stm32h5xx_hal_gpio.o
                0x0000000008001a64                HAL_GPIO_Init
 .text.HAL_GPIO_ReadPin
                0x0000000008001d08       0x30 ./Drivers/STM32H5xx_HAL_Driver/Src/stm32h5xx_hal_gpio.o
                0x0000000008001d08                HAL_GPIO_ReadPin
 .text.HAL_GPIO_WritePin
                0x0000000008001d38       0x30 ./Drivers/STM32H5xx_HAL_Driver/Src/stm32h5xx_hal_gpio.o
                0x0000000008001d38                HAL_GPIO_WritePin
 .text.HAL_GPIO_EXTI_IRQHandler
                0x0000000008001d68       0x4c ./Drivers/STM32H5xx_HAL_Driver/Src/stm32h5xx_hal_gpio.o
                0x0000000008001d68                HAL_GPIO_EXTI_IRQHandler
 .text.HAL_GPIO_EXTI_Falling_Callback
                0x0000000008001db4       0x16 ./Drivers/STM32H5xx_HAL_Driver/Src/stm32h5xx_hal_gpio.o
                0x0000000008001db4                HAL_GPIO_EXTI_Falling_Callback
 *fill*         0x0000000008001dca        0x2 
 .text.HAL_RCC_OscConfig
                0x0000000008001dcc      0x870 ./Drivers/STM32H5xx_HAL_Driver/Src/stm32h5xx_hal_rcc.o
                0x0000000008001dcc                HAL_RCC_OscConfig
 .text.HAL_RCC_ClockConfig
                0x000000000800263c      0x370 ./Drivers/STM32H5xx_HAL_Driver/Src/stm32h5xx_hal_rcc.o
                0x000000000800263c                HAL_RCC_ClockConfig
 .text.HAL_RCC_GetSysClockFreq
                0x00000000080029ac      0x258 ./Drivers/STM32H5xx_HAL_Driver/Src/stm32h5xx_hal_rcc.o
                0x00000000080029ac                HAL_RCC_GetSysClockFreq
 .text.HAL_RCC_GetHCLKFreq
                0x0000000008002c04       0x38 ./Drivers/STM32H5xx_HAL_Driver/Src/stm32h5xx_hal_rcc.o
                0x0000000008002c04                HAL_RCC_GetHCLKFreq
 .text.HAL_RCC_GetPCLK1Freq
                0x0000000008002c3c       0x2c ./Drivers/STM32H5xx_HAL_Driver/Src/stm32h5xx_hal_rcc.o
                0x0000000008002c3c                HAL_RCC_GetPCLK1Freq
 .text.HAL_RCC_GetPCLK2Freq
                0x0000000008002c68       0x2c ./Drivers/STM32H5xx_HAL_Driver/Src/stm32h5xx_hal_rcc.o
                0x0000000008002c68                HAL_RCC_GetPCLK2Freq
 .text.HAL_RCC_GetPCLK3Freq
                0x0000000008002c94       0x2c ./Drivers/STM32H5xx_HAL_Driver/Src/stm32h5xx_hal_rcc.o
                0x0000000008002c94                HAL_RCC_GetPCLK3Freq
 .text.HAL_RCCEx_PeriphCLKConfig
                0x0000000008002cc0     0x1f14 ./Drivers/STM32H5xx_HAL_Driver/Src/stm32h5xx_hal_rcc_ex.o
                0x0000000008002cc0                HAL_RCCEx_PeriphCLKConfig
 .text.HAL_RCCEx_GetPLL1ClockFreq
                0x0000000008004bd4      0x2d4 ./Drivers/STM32H5xx_HAL_Driver/Src/stm32h5xx_hal_rcc_ex.o
                0x0000000008004bd4                HAL_RCCEx_GetPLL1ClockFreq
 .text.HAL_RCCEx_GetPLL2ClockFreq
                0x0000000008004ea8      0x2d4 ./Drivers/STM32H5xx_HAL_Driver/Src/stm32h5xx_hal_rcc_ex.o
                0x0000000008004ea8                HAL_RCCEx_GetPLL2ClockFreq
 .text.HAL_RCCEx_GetPLL3ClockFreq
                0x000000000800517c      0x2d4 ./Drivers/STM32H5xx_HAL_Driver/Src/stm32h5xx_hal_rcc_ex.o
                0x000000000800517c                HAL_RCCEx_GetPLL3ClockFreq
 .text.HAL_RCCEx_GetPeriphCLKFreq
                0x0000000008005450     0x26b4 ./Drivers/STM32H5xx_HAL_Driver/Src/stm32h5xx_hal_rcc_ex.o
                0x0000000008005450                HAL_RCCEx_GetPeriphCLKFreq
 .text.RCCEx_PLL2_Config
                0x0000000008007b04      0x130 ./Drivers/STM32H5xx_HAL_Driver/Src/stm32h5xx_hal_rcc_ex.o
 .text.RCCEx_PLL3_Config
                0x0000000008007c34      0x130 ./Drivers/STM32H5xx_HAL_Driver/Src/stm32h5xx_hal_rcc_ex.o
 .text.HAL_SPI_Init
                0x0000000008007d64      0x2e0 ./Drivers/STM32H5xx_HAL_Driver/Src/stm32h5xx_hal_spi.o
                0x0000000008007d64                HAL_SPI_Init
 .text.HAL_SPI_Transmit
                0x0000000008008044      0x448 ./Drivers/STM32H5xx_HAL_Driver/Src/stm32h5xx_hal_spi.o
                0x0000000008008044                HAL_SPI_Transmit
 .text.HAL_SPI_Receive
                0x000000000800848c      0x370 ./Drivers/STM32H5xx_HAL_Driver/Src/stm32h5xx_hal_spi.o
                0x000000000800848c                HAL_SPI_Receive
 .text.HAL_SPI_TransmitReceive
                0x00000000080087fc      0x48c ./Drivers/STM32H5xx_HAL_Driver/Src/stm32h5xx_hal_spi.o
                0x00000000080087fc                HAL_SPI_TransmitReceive
 .text.SPI_CloseTransfer
                0x0000000008008c88      0x140 ./Drivers/STM32H5xx_HAL_Driver/Src/stm32h5xx_hal_spi.o
 .text.SPI_WaitOnFlagUntilTimeout
                0x0000000008008dc8       0x5c ./Drivers/STM32H5xx_HAL_Driver/Src/stm32h5xx_hal_spi.o
 .text.SPI_GetPacketSize
                0x0000000008008e24       0x36 ./Drivers/STM32H5xx_HAL_Driver/Src/stm32h5xx_hal_spi.o
 .text.HAL_UART_Init
                0x0000000008008e5a       0xa0 ./Drivers/STM32H5xx_HAL_Driver/Src/stm32h5xx_hal_uart.o
                0x0000000008008e5a                HAL_UART_Init
 .text.HAL_UART_Transmit
                0x0000000008008efa      0x13c ./Drivers/STM32H5xx_HAL_Driver/Src/stm32h5xx_hal_uart.o
                0x0000000008008efa                HAL_UART_Transmit
 *fill*         0x0000000008009036        0x2 
 .text.UART_SetConfig
                0x0000000008009038      0x3dc ./Drivers/STM32H5xx_HAL_Driver/Src/stm32h5xx_hal_uart.o
                0x0000000008009038                UART_SetConfig
 .text.UART_AdvFeatureConfig
                0x0000000008009414      0x144 ./Drivers/STM32H5xx_HAL_Driver/Src/stm32h5xx_hal_uart.o
                0x0000000008009414                UART_AdvFeatureConfig
 .text.UART_CheckIdleState
                0x0000000008009558      0x154 ./Drivers/STM32H5xx_HAL_Driver/Src/stm32h5xx_hal_uart.o
                0x0000000008009558                UART_CheckIdleState
 .text.UART_WaitOnFlagUntilTimeout
                0x00000000080096ac       0xce ./Drivers/STM32H5xx_HAL_Driver/Src/stm32h5xx_hal_uart.o
                0x00000000080096ac                UART_WaitOnFlagUntilTimeout
 .text.UART_EndRxTransfer
                0x000000000800977a       0xcc ./Drivers/STM32H5xx_HAL_Driver/Src/stm32h5xx_hal_uart.o
 .text.HAL_UARTEx_DisableFifoMode
                0x0000000008009846       0x72 ./Drivers/STM32H5xx_HAL_Driver/Src/stm32h5xx_hal_uart_ex.o
                0x0000000008009846                HAL_UARTEx_DisableFifoMode
 .text.HAL_UARTEx_SetTxFifoThreshold
                0x00000000080098b8       0x7c ./Drivers/STM32H5xx_HAL_Driver/Src/stm32h5xx_hal_uart_ex.o
                0x00000000080098b8                HAL_UARTEx_SetTxFifoThreshold
 .text.HAL_UARTEx_SetRxFifoThreshold
                0x0000000008009934       0x7c ./Drivers/STM32H5xx_HAL_Driver/Src/stm32h5xx_hal_uart_ex.o
                0x0000000008009934                HAL_UARTEx_SetRxFifoThreshold
 .text.UARTEx_SetNbDataToProcess
                0x00000000080099b0       0x9c ./Drivers/STM32H5xx_HAL_Driver/Src/stm32h5xx_hal_uart_ex.o
 .text.std      0x0000000008009a4c       0x6c /opt/stm32cubeide/plugins/com.st.stm32cube.ide.mcu.externaltools.gnu-tools-for-stm32.11.3.rel1.linux64_1.1.1.202309131626/tools/bin/../lib/gcc/arm-none-eabi/11.3.1/../../../../arm-none-eabi/lib/thumb/v8-m.main+fp/hard/libc_nano.a(libc_a-findfp.o)
 .text.stdio_exit_handler
                0x0000000008009ab8       0x18 /opt/stm32cubeide/plugins/com.st.stm32cube.ide.mcu.externaltools.gnu-tools-for-stm32.11.3.rel1.linux64_1.1.1.202309131626/tools/bin/../lib/gcc/arm-none-eabi/11.3.1/../../../../arm-none-eabi/lib/thumb/v8-m.main+fp/hard/libc_nano.a(libc_a-findfp.o)
 .text.cleanup_stdio
                0x0000000008009ad0       0x40 /opt/stm32cubeide/plugins/com.st.stm32cube.ide.mcu.externaltools.gnu-tools-for-stm32.11.3.rel1.linux64_1.1.1.202309131626/tools/bin/../lib/gcc/arm-none-eabi/11.3.1/../../../../arm-none-eabi/lib/thumb/v8-m.main+fp/hard/libc_nano.a(libc_a-findfp.o)
 .text.global_stdio_init.part.0
                0x0000000008009b10       0x3c /opt/stm32cubeide/plugins/com.st.stm32cube.ide.mcu.externaltools.gnu-tools-for-stm32.11.3.rel1.linux64_1.1.1.202309131626/tools/bin/../lib/gcc/arm-none-eabi/11.3.1/../../../../arm-none-eabi/lib/thumb/v8-m.main+fp/hard/libc_nano.a(libc_a-findfp.o)
 .text.__sfp_lock_acquire
                0x0000000008009b4c        0xc /opt/stm32cubeide/plugins/com.st.stm32cube.ide.mcu.externaltools.gnu-tools-for-stm32.11.3.rel1.linux64_1.1.1.202309131626/tools/bin/../lib/gcc/arm-none-eabi/11.3.1/../../../../arm-none-eabi/lib/thumb/v8-m.main+fp/hard/libc_nano.a(libc_a-findfp.o)
                0x0000000008009b4c                __sfp_lock_acquire
 .text.__sfp_lock_release
                0x0000000008009b58        0xc /opt/stm32cubeide/plugins/com.st.stm32cube.ide.mcu.externaltools.gnu-tools-for-stm32.11.3.rel1.linux64_1.1.1.202309131626/tools/bin/../lib/gcc/arm-none-eabi/11.3.1/../../../../arm-none-eabi/lib/thumb/v8-m.main+fp/hard/libc_nano.a(libc_a-findfp.o)
                0x0000000008009b58                __sfp_lock_release
 .text.__sinit  0x0000000008009b64       0x30 /opt/stm32cubeide/plugins/com.st.stm32cube.ide.mcu.externaltools.gnu-tools-for-stm32.11.3.rel1.linux64_1.1.1.202309131626/tools/bin/../lib/gcc/arm-none-eabi/11.3.1/../../../../arm-none-eabi/lib/thumb/v8-m.main+fp/hard/libc_nano.a(libc_a-findfp.o)
                0x0000000008009b64                __sinit
 .text._fwalk_sglue
                0x0000000008009b94       0x3c /opt/stm32cubeide/plugins/com.st.stm32cube.ide.mcu.externaltools.gnu-tools-for-stm32.11.3.rel1.linux64_1.1.1.202309131626/tools/bin/../lib/gcc/arm-none-eabi/11.3.1/../../../../arm-none-eabi/lib/thumb/v8-m.main+fp/hard/libc_nano.a(libc_a-fwalk.o)
                0x0000000008009b94                _fwalk_sglue
 .text.printf   0x0000000008009bd0       0x24 /opt/stm32cubeide/plugins/com.st.stm32cube.ide.mcu.externaltools.gnu-tools-for-stm32.11.3.rel1.linux64_1.1.1.202309131626/tools/bin/../lib/gcc/arm-none-eabi/11.3.1/../../../../arm-none-eabi/lib/thumb/v8-m.main+fp/hard/libc_nano.a(libc_a-printf.o)
                0x0000000008009bd0                printf
                0x0000000008009bd0                iprintf
 .text._puts_r  0x0000000008009bf4       0xa8 /opt/stm32cubeide/plugins/com.st.stm32cube.ide.mcu.externaltools.gnu-tools-for-stm32.11.3.rel1.linux64_1.1.1.202309131626/tools/bin/../lib/gcc/arm-none-eabi/11.3.1/../../../../arm-none-eabi/lib/thumb/v8-m.main+fp/hard/libc_nano.a(libc_a-puts.o)
                0x0000000008009bf4                _puts_r
 .text.puts     0x0000000008009c9c       0x10 /opt/stm32cubeide/plugins/com.st.stm32cube.ide.mcu.externaltools.gnu-tools-for-stm32.11.3.rel1.linux64_1.1.1.202309131626/tools/bin/../lib/gcc/arm-none-eabi/11.3.1/../../../../arm-none-eabi/lib/thumb/v8-m.main+fp/hard/libc_nano.a(libc_a-puts.o)
                0x0000000008009c9c                puts
 .text.__sread  0x0000000008009cac       0x22 /opt/stm32cubeide/plugins/com.st.stm32cube.ide.mcu.externaltools.gnu-tools-for-stm32.11.3.rel1.linux64_1.1.1.202309131626/tools/bin/../lib/gcc/arm-none-eabi/11.3.1/../../../../arm-none-eabi/lib/thumb/v8-m.main+fp/hard/libc_nano.a(libc_a-stdio.o)
                0x0000000008009cac                __sread
 .text.__swrite
                0x0000000008009cce       0x38 /opt/stm32cubeide/plugins/com.st.stm32cube.ide.mcu.externaltools.gnu-tools-for-stm32.11.3.rel1.linux64_1.1.1.202309131626/tools/bin/../lib/gcc/arm-none-eabi/11.3.1/../../../../arm-none-eabi/lib/thumb/v8-m.main+fp/hard/libc_nano.a(libc_a-stdio.o)
                0x0000000008009cce                __swrite
 .text.__sseek  0x0000000008009d06       0x24 /opt/stm32cubeide/plugins/com.st.stm32cube.ide.mcu.externaltools.gnu-tools-for-stm32.11.3.rel1.linux64_1.1.1.202309131626/tools/bin/../lib/gcc/arm-none-eabi/11.3.1/../../../../arm-none-eabi/lib/thumb/v8-m.main+fp/hard/libc_nano.a(libc_a-stdio.o)
                0x0000000008009d06                __sseek
 .text.__sclose
                0x0000000008009d2a        0x8 /opt/stm32cubeide/plugins/com.st.stm32cube.ide.mcu.externaltools.gnu-tools-for-stm32.11.3.rel1.linux64_1.1.1.202309131626/tools/bin/../lib/gcc/arm-none-eabi/11.3.1/../../../../arm-none-eabi/lib/thumb/v8-m.main+fp/hard/libc_nano.a(libc_a-stdio.o)
                0x0000000008009d2a                __sclose
 .text.__swbuf_r
                0x0000000008009d32       0x7a /opt/stm32cubeide/plugins/com.st.stm32cube.ide.mcu.externaltools.gnu-tools-for-stm32.11.3.rel1.linux64_1.1.1.202309131626/tools/bin/../lib/gcc/arm-none-eabi/11.3.1/../../../../arm-none-eabi/lib/thumb/v8-m.main+fp/hard/libc_nano.a(libc_a-wbuf.o)
                0x0000000008009d32                __swbuf_r
 .text.__swsetup_r
                0x0000000008009dac       0xb0 /opt/stm32cubeide/plugins/com.st.stm32cube.ide.mcu.externaltools.gnu-tools-for-stm32.11.3.rel1.linux64_1.1.1.202309131626/tools/bin/../lib/gcc/arm-none-eabi/11.3.1/../../../../arm-none-eabi/lib/thumb/v8-m.main+fp/hard/libc_nano.a(libc_a-wsetup.o)
                0x0000000008009dac                __swsetup_r
 .text.memset   0x0000000008009e5c       0x10 /opt/stm32cubeide/plugins/com.st.stm32cube.ide.mcu.externaltools.gnu-tools-for-stm32.11.3.rel1.linux64_1.1.1.202309131626/tools/bin/../lib/gcc/arm-none-eabi/11.3.1/../../../../arm-none-eabi/lib/thumb/v8-m.main+fp/hard/libc_nano.a(libc_a-memset.o)
                0x0000000008009e5c                memset
 .text._close_r
                0x0000000008009e6c       0x20 /opt/stm32cubeide/plugins/com.st.stm32cube.ide.mcu.externaltools.gnu-tools-for-stm32.11.3.rel1.linux64_1.1.1.202309131626/tools/bin/../lib/gcc/arm-none-eabi/11.3.1/../../../../arm-none-eabi/lib/thumb/v8-m.main+fp/hard/libc_nano.a(libc_a-closer.o)
                0x0000000008009e6c                _close_r
 .text._lseek_r
                0x0000000008009e8c       0x24 /opt/stm32cubeide/plugins/com.st.stm32cube.ide.mcu.externaltools.gnu-tools-for-stm32.11.3.rel1.linux64_1.1.1.202309131626/tools/bin/../lib/gcc/arm-none-eabi/11.3.1/../../../../arm-none-eabi/lib/thumb/v8-m.main+fp/hard/libc_nano.a(libc_a-lseekr.o)
                0x0000000008009e8c                _lseek_r
 .text._read_r  0x0000000008009eb0       0x24 /opt/stm32cubeide/plugins/com.st.stm32cube.ide.mcu.externaltools.gnu-tools-for-stm32.11.3.rel1.linux64_1.1.1.202309131626/tools/bin/../lib/gcc/arm-none-eabi/11.3.1/../../../../arm-none-eabi/lib/thumb/v8-m.main+fp/hard/libc_nano.a(libc_a-readr.o)
                0x0000000008009eb0                _read_r
 .text._write_r
                0x0000000008009ed4       0x24 /opt/stm32cubeide/plugins/com.st.stm32cube.ide.mcu.externaltools.gnu-tools-for-stm32.11.3.rel1.linux64_1.1.1.202309131626/tools/bin/../lib/gcc/arm-none-eabi/11.3.1/../../../../arm-none-eabi/lib/thumb/v8-m.main+fp/hard/libc_nano.a(libc_a-writer.o)
                0x0000000008009ed4                _write_r
 .text.__errno  0x0000000008009ef8        0xc /opt/stm32cubeide/plugins/com.st.stm32cube.ide.mcu.externaltools.gnu-tools-for-stm32.11.3.rel1.linux64_1.1.1.202309131626/tools/bin/../lib/gcc/arm-none-eabi/11.3.1/../../../../arm-none-eabi/lib/thumb/v8-m.main+fp/hard/libc_nano.a(libc_a-errno.o)
                0x0000000008009ef8                __errno
 .text.__libc_init_array
                0x0000000008009f04       0x48 /opt/stm32cubeide/plugins/com.st.stm32cube.ide.mcu.externaltools.gnu-tools-for-stm32.11.3.rel1.linux64_1.1.1.202309131626/tools/bin/../lib/gcc/arm-none-eabi/11.3.1/../../../../arm-none-eabi/lib/thumb/v8-m.main+fp/hard/libc_nano.a(libc_a-init.o)
                0x0000000008009f04                __libc_init_array
 .text.__retarget_lock_init_recursive
                0x0000000008009f4c        0x2 /opt/stm32cubeide/plugins/com.st.stm32cube.ide.mcu.externaltools.gnu-tools-for-stm32.11.3.rel1.linux64_1.1.1.202309131626/tools/bin/../lib/gcc/arm-none-eabi/11.3.1/../../../../arm-none-eabi/lib/thumb/v8-m.main+fp/hard/libc_nano.a(libc_a-lock.o)
                0x0000000008009f4c                __retarget_lock_init_recursive
 .text.__retarget_lock_acquire_recursive
                0x0000000008009f4e        0x2 /opt/stm32cubeide/plugins/com.st.stm32cube.ide.mcu.externaltools.gnu-tools-for-stm32.11.3.rel1.linux64_1.1.1.202309131626/tools/bin/../lib/gcc/arm-none-eabi/11.3.1/../../../../arm-none-eabi/lib/thumb/v8-m.main+fp/hard/libc_nano.a(libc_a-lock.o)
                0x0000000008009f4e                __retarget_lock_acquire_recursive
 .text.__retarget_lock_release_recursive
                0x0000000008009f50        0x2 /opt/stm32cubeide/plugins/com.st.stm32cube.ide.mcu.externaltools.gnu-tools-for-stm32.11.3.rel1.linux64_1.1.1.202309131626/tools/bin/../lib/gcc/arm-none-eabi/11.3.1/../../../../arm-none-eabi/lib/thumb/v8-m.main+fp/hard/libc_nano.a(libc_a-lock.o)
                0x0000000008009f50                __retarget_lock_release_recursive
 *fill*         0x0000000008009f52        0x2 
 .text._free_r  0x0000000008009f54       0x98 /opt/stm32cubeide/plugins/com.st.stm32cube.ide.mcu.externaltools.gnu-tools-for-stm32.11.3.rel1.linux64_1.1.1.202309131626/tools/bin/../lib/gcc/arm-none-eabi/11.3.1/../../../../arm-none-eabi/lib/thumb/v8-m.main+fp/hard/libc_nano.a(libc_a-freer.o)
                0x0000000008009f54                _free_r
 .text.sbrk_aligned
                0x0000000008009fec       0x40 /opt/stm32cubeide/plugins/com.st.stm32cube.ide.mcu.externaltools.gnu-tools-for-stm32.11.3.rel1.linux64_1.1.1.202309131626/tools/bin/../lib/gcc/arm-none-eabi/11.3.1/../../../../arm-none-eabi/lib/thumb/v8-m.main+fp/hard/libc_nano.a(libc_a-mallocr.o)
 .text._malloc_r
                0x000000000800a02c      0x100 /opt/stm32cubeide/plugins/com.st.stm32cube.ide.mcu.externaltools.gnu-tools-for-stm32.11.3.rel1.linux64_1.1.1.202309131626/tools/bin/../lib/gcc/arm-none-eabi/11.3.1/../../../../arm-none-eabi/lib/thumb/v8-m.main+fp/hard/libc_nano.a(libc_a-mallocr.o)
                0x000000000800a02c                _malloc_r
 .text.__malloc_lock
                0x000000000800a12c        0xc /opt/stm32cubeide/plugins/com.st.stm32cube.ide.mcu.externaltools.gnu-tools-for-stm32.11.3.rel1.linux64_1.1.1.202309131626/tools/bin/../lib/gcc/arm-none-eabi/11.3.1/../../../../arm-none-eabi/lib/thumb/v8-m.main+fp/hard/libc_nano.a(libc_a-mlock.o)
                0x000000000800a12c                __malloc_lock
 .text.__malloc_unlock
                0x000000000800a138        0xc /opt/stm32cubeide/plugins/com.st.stm32cube.ide.mcu.externaltools.gnu-tools-for-stm32.11.3.rel1.linux64_1.1.1.202309131626/tools/bin/../lib/gcc/arm-none-eabi/11.3.1/../../../../arm-none-eabi/lib/thumb/v8-m.main+fp/hard/libc_nano.a(libc_a-mlock.o)
                0x000000000800a138                __malloc_unlock
 .text.__sfputc_r
                0x000000000800a144       0x2e /opt/stm32cubeide/plugins/com.st.stm32cube.ide.mcu.externaltools.gnu-tools-for-stm32.11.3.rel1.linux64_1.1.1.202309131626/tools/bin/../lib/gcc/arm-none-eabi/11.3.1/../../../../arm-none-eabi/lib/thumb/v8-m.main+fp/hard/libc_nano.a(libc_a-nano-vfprintf.o)
 .text.__sfputs_r
                0x000000000800a172       0x24 /opt/stm32cubeide/plugins/com.st.stm32cube.ide.mcu.externaltools.gnu-tools-for-stm32.11.3.rel1.linux64_1.1.1.202309131626/tools/bin/../lib/gcc/arm-none-eabi/11.3.1/../../../../arm-none-eabi/lib/thumb/v8-m.main+fp/hard/libc_nano.a(libc_a-nano-vfprintf.o)
                0x000000000800a172                __sfputs_r
 *fill*         0x000000000800a196        0x2 
 .text._vfprintf_r
                0x000000000800a198      0x234 /opt/stm32cubeide/plugins/com.st.stm32cube.ide.mcu.externaltools.gnu-tools-for-stm32.11.3.rel1.linux64_1.1.1.202309131626/tools/bin/../lib/gcc/arm-none-eabi/11.3.1/../../../../arm-none-eabi/lib/thumb/v8-m.main+fp/hard/libc_nano.a(libc_a-nano-vfprintf.o)
                0x000000000800a198                _vfiprintf_r
                0x000000000800a198                _vfprintf_r
 .text._printf_common
                0x000000000800a3cc       0xe4 /opt/stm32cubeide/plugins/com.st.stm32cube.ide.mcu.externaltools.gnu-tools-for-stm32.11.3.rel1.linux64_1.1.1.202309131626/tools/bin/../lib/gcc/arm-none-eabi/11.3.1/../../../../arm-none-eabi/lib/thumb/v8-m.main+fp/hard/libc_nano.a(libc_a-nano-vfprintf_i.o)
                0x000000000800a3cc                _printf_common
 .text._printf_i
                0x000000000800a4b0      0x240 /opt/stm32cubeide/plugins/com.st.stm32cube.ide.mcu.externaltools.gnu-tools-for-stm32.11.3.rel1.linux64_1.1.1.202309131626/tools/bin/../lib/gcc/arm-none-eabi/11.3.1/../../../../arm-none-eabi/lib/thumb/v8-m.main+fp/hard/libc_nano.a(libc_a-nano-vfprintf_i.o)
                0x000000000800a4b0                _printf_i
 .text.__sflush_r
                0x000000000800a6f0      0x108 /opt/stm32cubeide/plugins/com.st.stm32cube.ide.mcu.externaltools.gnu-tools-for-stm32.11.3.rel1.linux64_1.1.1.202309131626/tools/bin/../lib/gcc/arm-none-eabi/11.3.1/../../../../arm-none-eabi/lib/thumb/v8-m.main+fp/hard/libc_nano.a(libc_a-fflush.o)
                0x000000000800a6f0                __sflush_r
 .text._fflush_r
                0x000000000800a7f8       0x50 /opt/stm32cubeide/plugins/com.st.stm32cube.ide.mcu.externaltools.gnu-tools-for-stm32.11.3.rel1.linux64_1.1.1.202309131626/tools/bin/../lib/gcc/arm-none-eabi/11.3.1/../../../../arm-none-eabi/lib/thumb/v8-m.main+fp/hard/libc_nano.a(libc_a-fflush.o)
                0x000000000800a7f8                _fflush_r
 .text.__swhatbuf_r
                0x000000000800a848       0x4a /opt/stm32cubeide/plugins/com.st.stm32cube.ide.mcu.externaltools.gnu-tools-for-stm32.11.3.rel1.linux64_1.1.1.202309131626/tools/bin/../lib/gcc/arm-none-eabi/11.3.1/../../../../arm-none-eabi/lib/thumb/v8-m.main+fp/hard/libc_nano.a(libc_a-makebuf.o)
                0x000000000800a848                __swhatbuf_r
 .text.__smakebuf_r
                0x000000000800a892       0x78 /opt/stm32cubeide/plugins/com.st.stm32cube.ide.mcu.externaltools.gnu-tools-for-stm32.11.3.rel1.linux64_1.1.1.202309131626/tools/bin/../lib/gcc/arm-none-eabi/11.3.1/../../../../arm-none-eabi/lib/thumb/v8-m.main+fp/hard/libc_nano.a(libc_a-makebuf.o)
                0x000000000800a892                __smakebuf_r
 *fill*         0x000000000800a90a        0x2 
 .text._fstat_r
                0x000000000800a90c       0x24 /opt/stm32cubeide/plugins/com.st.stm32cube.ide.mcu.externaltools.gnu-tools-for-stm32.11.3.rel1.linux64_1.1.1.202309131626/tools/bin/../lib/gcc/arm-none-eabi/11.3.1/../../../../arm-none-eabi/lib/thumb/v8-m.main+fp/hard/libc_nano.a(libc_a-fstatr.o)
                0x000000000800a90c                _fstat_r
 .text._isatty_r
                0x000000000800a930       0x20 /opt/stm32cubeide/plugins/com.st.stm32cube.ide.mcu.externaltools.gnu-tools-for-stm32.11.3.rel1.linux64_1.1.1.202309131626/tools/bin/../lib/gcc/arm-none-eabi/11.3.1/../../../../arm-none-eabi/lib/thumb/v8-m.main+fp/hard/libc_nano.a(libc_a-isattyr.o)
                0x000000000800a930                _isatty_r
 .text._sbrk_r  0x000000000800a950       0x20 /opt/stm32cubeide/plugins/com.st.stm32cube.ide.mcu.externaltools.gnu-tools-for-stm32.11.3.rel1.linux64_1.1.1.202309131626/tools/bin/../lib/gcc/arm-none-eabi/11.3.1/../../../../arm-none-eabi/lib/thumb/v8-m.main+fp/hard/libc_nano.a(libc_a-sbrkr.o)
                0x000000000800a950                _sbrk_r
 .text.memchr   0x000000000800a970       0x1c /opt/stm32cubeide/plugins/com.st.stm32cube.ide.mcu.externaltools.gnu-tools-for-stm32.11.3.rel1.linux64_1.1.1.202309131626/tools/bin/../lib/gcc/arm-none-eabi/11.3.1/../../../../arm-none-eabi/lib/thumb/v8-m.main+fp/hard/libc_nano.a(libc_a-memchr-stub.o)
                0x000000000800a970                memchr
 *(.glue_7)
 .glue_7        0x000000000800a98c        0x0 linker stubs
 *(.glue_7t)
 .glue_7t       0x000000000800a98c        0x0 linker stubs
 *(.eh_frame)
 .eh_frame      0x000000000800a98c        0x0 /opt/stm32cubeide/plugins/com.st.stm32cube.ide.mcu.externaltools.gnu-tools-for-stm32.11.3.rel1.linux64_1.1.1.202309131626/tools/bin/../lib/gcc/arm-none-eabi/11.3.1/thumb/v8-m.main+fp/hard/crtbegin.o
 *(.init)
 .init          0x000000000800a98c        0x4 /opt/stm32cubeide/plugins/com.st.stm32cube.ide.mcu.externaltools.gnu-tools-for-stm32.11.3.rel1.linux64_1.1.1.202309131626/tools/bin/../lib/gcc/arm-none-eabi/11.3.1/thumb/v8-m.main+fp/hard/crti.o
                0x000000000800a98c                _init
 .init          0x000000000800a990        0x8 /opt/stm32cubeide/plugins/com.st.stm32cube.ide.mcu.externaltools.gnu-tools-for-stm32.11.3.rel1.linux64_1.1.1.202309131626/tools/bin/../lib/gcc/arm-none-eabi/11.3.1/thumb/v8-m.main+fp/hard/crtn.o
 *(.fini)
 .fini          0x000000000800a998        0x4 /opt/stm32cubeide/plugins/com.st.stm32cube.ide.mcu.externaltools.gnu-tools-for-stm32.11.3.rel1.linux64_1.1.1.202309131626/tools/bin/../lib/gcc/arm-none-eabi/11.3.1/thumb/v8-m.main+fp/hard/crti.o
                0x000000000800a998                _fini
 .fini          0x000000000800a99c        0x8 /opt/stm32cubeide/plugins/com.st.stm32cube.ide.mcu.externaltools.gnu-tools-for-stm32.11.3.rel1.linux64_1.1.1.202309131626/tools/bin/../lib/gcc/arm-none-eabi/11.3.1/thumb/v8-m.main+fp/hard/crtn.o
                0x000000000800a9a4                . = ALIGN (0x4)
                0x000000000800a9a4                _etext = .

.vfp11_veneer   0x000000000800a9a4        0x0
 .vfp11_veneer  0x000000000800a9a4        0x0 linker stubs

.v4_bx          0x000000000800a9a4        0x0
 .v4_bx         0x000000000800a9a4        0x0 linker stubs

.iplt           0x000000000800a9a4        0x0
 .iplt          0x000000000800a9a4        0x0 /opt/stm32cubeide/plugins/com.st.stm32cube.ide.mcu.externaltools.gnu-tools-for-stm32.11.3.rel1.linux64_1.1.1.202309131626/tools/bin/../lib/gcc/arm-none-eabi/11.3.1/thumb/v8-m.main+fp/hard/crtbegin.o

.rodata         0x000000000800a9a4      0x2a0
                0x000000000800a9a4                . = ALIGN (0x4)
 *(.rodata)
 .rodata        0x000000000800a9a4      0x109 ./Core/Src/main.o
 *fill*         0x000000000800aaad        0x3 
 .rodata        0x000000000800aab0      0x11e ./Core/Src/nrf24l01.o
 *(.rodata*)
 *fill*         0x000000000800abce        0x2 
 .rodata.AHBPrescTable
                0x000000000800abd0       0x10 ./Core/Src/system_stm32h5xx.o
                0x000000000800abd0                AHBPrescTable
 .rodata.APBPrescTable
                0x000000000800abe0        0x8 ./Core/Src/system_stm32h5xx.o
                0x000000000800abe0                APBPrescTable
 .rodata.UARTPrescTable
                0x000000000800abe8       0x18 ./Drivers/STM32H5xx_HAL_Driver/Src/stm32h5xx_hal_uart.o
                0x000000000800abe8                UARTPrescTable
 .rodata.numerator.1
                0x000000000800ac00        0x8 ./Drivers/STM32H5xx_HAL_Driver/Src/stm32h5xx_hal_uart_ex.o
 .rodata.denominator.0
                0x000000000800ac08        0x8 ./Drivers/STM32H5xx_HAL_Driver/Src/stm32h5xx_hal_uart_ex.o
 .rodata._vfprintf_r.str1.1
                0x000000000800ac10       0x11 /opt/stm32cubeide/plugins/com.st.stm32cube.ide.mcu.externaltools.gnu-tools-for-stm32.11.3.rel1.linux64_1.1.1.202309131626/tools/bin/../lib/gcc/arm-none-eabi/11.3.1/../../../../arm-none-eabi/lib/thumb/v8-m.main+fp/hard/libc_nano.a(libc_a-nano-vfprintf.o)
 .rodata._printf_i.str1.1
                0x000000000800ac21       0x22 /opt/stm32cubeide/plugins/com.st.stm32cube.ide.mcu.externaltools.gnu-tools-for-stm32.11.3.rel1.linux64_1.1.1.202309131626/tools/bin/../lib/gcc/arm-none-eabi/11.3.1/../../../../arm-none-eabi/lib/thumb/v8-m.main+fp/hard/libc_nano.a(libc_a-nano-vfprintf_i.o)
                0x000000000800ac44                . = ALIGN (0x4)
 *fill*         0x000000000800ac43        0x1 

.ARM.extab      0x000000000800ac44        0x0
                0x000000000800ac44                . = ALIGN (0x4)
 *(.ARM.extab* .gnu.linkonce.armextab.*)
                0x000000000800ac44                . = ALIGN (0x4)

.ARM            0x000000000800ac44        0x8
                0x000000000800ac44                . = ALIGN (0x4)
                0x000000000800ac44                __exidx_start = .
 *(.ARM.exidx*)
 .ARM.exidx     0x000000000800ac44        0x8 /opt/stm32cubeide/plugins/com.st.stm32cube.ide.mcu.externaltools.gnu-tools-for-stm32.11.3.rel1.linux64_1.1.1.202309131626/tools/bin/../lib/gcc/arm-none-eabi/11.3.1/thumb/v8-m.main+fp/hard/libgcc.a(_udivmoddi4.o)
                0x000000000800ac4c                __exidx_end = .
                0x000000000800ac4c                . = ALIGN (0x4)

.rel.dyn        0x000000000800ac4c        0x0
 .rel.iplt      0x000000000800ac4c        0x0 /opt/stm32cubeide/plugins/com.st.stm32cube.ide.mcu.externaltools.gnu-tools-for-stm32.11.3.rel1.linux64_1.1.1.202309131626/tools/bin/../lib/gcc/arm-none-eabi/11.3.1/thumb/v8-m.main+fp/hard/crtbegin.o

.preinit_array  0x000000000800ac4c        0x0
                0x000000000800ac4c                . = ALIGN (0x4)
                0x000000000800ac4c                PROVIDE (__preinit_array_start = .)
 *(.preinit_array*)
                0x000000000800ac4c                PROVIDE (__preinit_array_end = .)
                0x000000000800ac4c                . = ALIGN (0x4)

.init_array     0x000000000800ac4c        0x4
                0x000000000800ac4c                . = ALIGN (0x4)
                0x000000000800ac4c                PROVIDE (__init_array_start = .)
 *(SORT_BY_NAME(.init_array.*))
 *(.init_array*)
 .init_array    0x000000000800ac4c        0x4 /opt/stm32cubeide/plugins/com.st.stm32cube.ide.mcu.externaltools.gnu-tools-for-stm32.11.3.rel1.linux64_1.1.1.202309131626/tools/bin/../lib/gcc/arm-none-eabi/11.3.1/thumb/v8-m.main+fp/hard/crtbegin.o
                0x000000000800ac50                PROVIDE (__init_array_end = .)
                0x000000000800ac50                . = ALIGN (0x4)

.fini_array     0x000000000800ac50        0x4
                0x000000000800ac50                . = ALIGN (0x4)
                [!provide]                        PROVIDE (__fini_array_start = .)
 *(SORT_BY_NAME(.fini_array.*))
 *(.fini_array*)
 .fini_array    0x000000000800ac50        0x4 /opt/stm32cubeide/plugins/com.st.stm32cube.ide.mcu.externaltools.gnu-tools-for-stm32.11.3.rel1.linux64_1.1.1.202309131626/tools/bin/../lib/gcc/arm-none-eabi/11.3.1/thumb/v8-m.main+fp/hard/crtbegin.o
                [!provide]                        PROVIDE (__fini_array_end = .)
                0x000000000800ac54                . = ALIGN (0x4)
                0x000000000800ac54                _sidata = LOADADDR (.data)

.data           0x0000000020000000       0x68 load address 0x000000000800ac54
                0x0000000020000000                . = ALIGN (0x4)
                0x0000000020000000                _sdata = .
 *(.data)
 *(.data*)
 .data.SystemCoreClock
                0x0000000020000000        0x4 ./Core/Src/system_stm32h5xx.o
                0x0000000020000000                SystemCoreClock
 .data.uwTickPrio
                0x0000000020000004        0x4 ./Drivers/STM32H5xx_HAL_Driver/Src/stm32h5xx_hal.o
                0x0000000020000004                uwTickPrio
 .data.uwTickFreq
                0x0000000020000008        0x1 ./Drivers/STM32H5xx_HAL_Driver/Src/stm32h5xx_hal.o
                0x0000000020000008                uwTickFreq
 *fill*         0x0000000020000009        0x3 
 .data.__sglue  0x000000002000000c        0xc /opt/stm32cubeide/plugins/com.st.stm32cube.ide.mcu.externaltools.gnu-tools-for-stm32.11.3.rel1.linux64_1.1.1.202309131626/tools/bin/../lib/gcc/arm-none-eabi/11.3.1/../../../../arm-none-eabi/lib/thumb/v8-m.main+fp/hard/libc_nano.a(libc_a-findfp.o)
                0x000000002000000c                __sglue
 .data._impure_data
                0x0000000020000018       0x4c /opt/stm32cubeide/plugins/com.st.stm32cube.ide.mcu.externaltools.gnu-tools-for-stm32.11.3.rel1.linux64_1.1.1.202309131626/tools/bin/../lib/gcc/arm-none-eabi/11.3.1/../../../../arm-none-eabi/lib/thumb/v8-m.main+fp/hard/libc_nano.a(libc_a-impure.o)
                0x0000000020000018                _impure_data
 .data._impure_ptr
                0x0000000020000064        0x4 /opt/stm32cubeide/plugins/com.st.stm32cube.ide.mcu.externaltools.gnu-tools-for-stm32.11.3.rel1.linux64_1.1.1.202309131626/tools/bin/../lib/gcc/arm-none-eabi/11.3.1/../../../../arm-none-eabi/lib/thumb/v8-m.main+fp/hard/libc_nano.a(libc_a-impure.o)
                0x0000000020000064                _impure_ptr
 *(.RamFunc)
 *(.RamFunc*)
                0x0000000020000068                . = ALIGN (0x4)
                0x0000000020000068                _edata = .

.igot.plt       0x0000000020000068        0x0 load address 0x000000000800acbc
 .igot.plt      0x0000000020000068        0x0 /opt/stm32cubeide/plugins/com.st.stm32cube.ide.mcu.externaltools.gnu-tools-for-stm32.11.3.rel1.linux64_1.1.1.202309131626/tools/bin/../lib/gcc/arm-none-eabi/11.3.1/thumb/v8-m.main+fp/hard/crtbegin.o
                0x0000000020000068                . = ALIGN (0x4)

.bss            0x0000000020000068      0x2a8 load address 0x000000000800acbc
                0x0000000020000068                _sbss = .
                0x0000000020000068                __bss_start__ = _sbss
 *(.bss)
 .bss           0x0000000020000068       0x1c /opt/stm32cubeide/plugins/com.st.stm32cube.ide.mcu.externaltools.gnu-tools-for-stm32.11.3.rel1.linux64_1.1.1.202309131626/tools/bin/../lib/gcc/arm-none-eabi/11.3.1/thumb/v8-m.main+fp/hard/crtbegin.o
 *(.bss*)
 .bss.hspi1     0x0000000020000084       0x90 ./Core/Src/main.o
                0x0000000020000084                hspi1
 .bss.huart3    0x0000000020000114       0x94 ./Core/Src/main.o
                0x0000000020000114                huart3
 .bss.HSPI      0x00000000200001a8        0x4 ./Core/Src/nrf24l01.o
                0x00000000200001a8                HSPI
 .bss.NRF_CSN_Port
                0x00000000200001ac        0x4 ./Core/Src/nrf24l01.o
                0x00000000200001ac                NRF_CSN_Port
 .bss.NRF_CSN_Pin
                0x00000000200001b0        0x2 ./Core/Src/nrf24l01.o
                0x00000000200001b0                NRF_CSN_Pin
 *fill*         0x00000000200001b2        0x2 
 .bss.NRF_CE_Port
                0x00000000200001b4        0x4 ./Core/Src/nrf24l01.o
                0x00000000200001b4                NRF_CE_Port
 .bss.NRF_CE_Pin
                0x00000000200001b8        0x2 ./Core/Src/nrf24l01.o
                0x00000000200001b8                NRF_CE_Pin
 *fill*         0x00000000200001ba        0x2 
 .bss.__sbrk_heap_end
                0x00000000200001bc        0x4 ./Core/Src/sysmem.o
 .bss.uwTick    0x00000000200001c0        0x4 ./Drivers/STM32H5xx_HAL_Driver/Src/stm32h5xx_hal.o
                0x00000000200001c0                uwTick
 .bss.__sf      0x00000000200001c4      0x138 /opt/stm32cubeide/plugins/com.st.stm32cube.ide.mcu.externaltools.gnu-tools-for-stm32.11.3.rel1.linux64_1.1.1.202309131626/tools/bin/../lib/gcc/arm-none-eabi/11.3.1/../../../../arm-none-eabi/lib/thumb/v8-m.main+fp/hard/libc_nano.a(libc_a-findfp.o)
                0x00000000200001c4                __sf
 .bss.__stdio_exit_handler
                0x00000000200002fc        0x4 /opt/stm32cubeide/plugins/com.st.stm32cube.ide.mcu.externaltools.gnu-tools-for-stm32.11.3.rel1.linux64_1.1.1.202309131626/tools/bin/../lib/gcc/arm-none-eabi/11.3.1/../../../../arm-none-eabi/lib/thumb/v8-m.main+fp/hard/libc_nano.a(libc_a-findfp.o)
                0x00000000200002fc                __stdio_exit_handler
 .bss.errno     0x0000000020000300        0x4 /opt/stm32cubeide/plugins/com.st.stm32cube.ide.mcu.externaltools.gnu-tools-for-stm32.11.3.rel1.linux64_1.1.1.202309131626/tools/bin/../lib/gcc/arm-none-eabi/11.3.1/../../../../arm-none-eabi/lib/thumb/v8-m.main+fp/hard/libc_nano.a(libc_a-reent.o)
                0x0000000020000300                errno
 .bss.__lock___malloc_recursive_mutex
                0x0000000020000304        0x1 /opt/stm32cubeide/plugins/com.st.stm32cube.ide.mcu.externaltools.gnu-tools-for-stm32.11.3.rel1.linux64_1.1.1.202309131626/tools/bin/../lib/gcc/arm-none-eabi/11.3.1/../../../../arm-none-eabi/lib/thumb/v8-m.main+fp/hard/libc_nano.a(libc_a-lock.o)
                0x0000000020000304                __lock___malloc_recursive_mutex
 .bss.__lock___sfp_recursive_mutex
                0x0000000020000305        0x1 /opt/stm32cubeide/plugins/com.st.stm32cube.ide.mcu.externaltools.gnu-tools-for-stm32.11.3.rel1.linux64_1.1.1.202309131626/tools/bin/../lib/gcc/arm-none-eabi/11.3.1/../../../../arm-none-eabi/lib/thumb/v8-m.main+fp/hard/libc_nano.a(libc_a-lock.o)
                0x0000000020000305                __lock___sfp_recursive_mutex
 *fill*         0x0000000020000306        0x2 
 .bss.__malloc_free_list
                0x0000000020000308        0x4 /opt/stm32cubeide/plugins/com.st.stm32cube.ide.mcu.externaltools.gnu-tools-for-stm32.11.3.rel1.linux64_1.1.1.202309131626/tools/bin/../lib/gcc/arm-none-eabi/11.3.1/../../../../arm-none-eabi/lib/thumb/v8-m.main+fp/hard/libc_nano.a(libc_a-mallocr.o)
                0x0000000020000308                __malloc_free_list
 .bss.__malloc_sbrk_start
                0x000000002000030c        0x4 /opt/stm32cubeide/plugins/com.st.stm32cube.ide.mcu.externaltools.gnu-tools-for-stm32.11.3.rel1.linux64_1.1.1.202309131626/tools/bin/../lib/gcc/arm-none-eabi/11.3.1/../../../../arm-none-eabi/lib/thumb/v8-m.main+fp/hard/libc_nano.a(libc_a-mallocr.o)
                0x000000002000030c                __malloc_sbrk_start
 *(COMMON)
                0x0000000020000310                . = ALIGN (0x4)
                0x0000000020000310                _ebss = .
                0x0000000020000310                __bss_end__ = _ebss

._user_heap_stack
                0x0000000020000310      0x600 load address 0x000000000800acbc
                0x0000000020000310                . = ALIGN (0x8)
                [!provide]                        PROVIDE (end = .)
                0x0000000020000310                PROVIDE (_end = .)
                0x0000000020000510                . = (. + _Min_Heap_Size)
 *fill*         0x0000000020000310      0x200 
                0x0000000020000910                . = (. + _Min_Stack_Size)
 *fill*         0x0000000020000510      0x400 
                0x0000000020000910                . = ALIGN (0x8)

/DISCARD/
 libc.a(*)
 libm.a(*)
 libgcc.a(*)

.ARM.attributes
                0x0000000000000000       0x36
 *(.ARM.attributes)
 .ARM.attributes
                0x0000000000000000       0x22 /opt/stm32cubeide/plugins/com.st.stm32cube.ide.mcu.externaltools.gnu-tools-for-stm32.11.3.rel1.linux64_1.1.1.202309131626/tools/bin/../lib/gcc/arm-none-eabi/11.3.1/thumb/v8-m.main+fp/hard/crti.o
 .ARM.attributes
                0x0000000000000022       0x38 /opt/stm32cubeide/plugins/com.st.stm32cube.ide.mcu.externaltools.gnu-tools-for-stm32.11.3.rel1.linux64_1.1.1.202309131626/tools/bin/../lib/gcc/arm-none-eabi/11.3.1/thumb/v8-m.main+fp/hard/crtbegin.o
 .ARM.attributes
                0x000000000000005a       0x3a ./Core/Src/main.o
 .ARM.attributes
                0x0000000000000094       0x3a ./Core/Src/nrf24l01.o
 .ARM.attributes
                0x00000000000000ce       0x3a ./Core/Src/stm32h5xx_hal_msp.o
 .ARM.attributes
                0x0000000000000108       0x3a ./Core/Src/stm32h5xx_it.o
 .ARM.attributes
                0x0000000000000142       0x3a ./Core/Src/syscalls.o
 .ARM.attributes
                0x000000000000017c       0x3a ./Core/Src/sysmem.o
 .ARM.attributes
                0x00000000000001b6       0x3a ./Core/Src/system_stm32h5xx.o
 .ARM.attributes
                0x00000000000001f0       0x24 ./Core/Startup/startup_stm32h563zitx.o
 .ARM.attributes
                0x0000000000000214       0x3a ./Drivers/STM32H5xx_HAL_Driver/Src/stm32h5xx_hal.o
 .ARM.attributes
                0x000000000000024e       0x3a ./Drivers/STM32H5xx_HAL_Driver/Src/stm32h5xx_hal_cortex.o
 .ARM.attributes
                0x0000000000000288       0x3a ./Drivers/STM32H5xx_HAL_Driver/Src/stm32h5xx_hal_gpio.o
 .ARM.attributes
                0x00000000000002c2       0x3a ./Drivers/STM32H5xx_HAL_Driver/Src/stm32h5xx_hal_rcc.o
 .ARM.attributes
                0x00000000000002fc       0x3a ./Drivers/STM32H5xx_HAL_Driver/Src/stm32h5xx_hal_rcc_ex.o
 .ARM.attributes
                0x0000000000000336       0x3a ./Drivers/STM32H5xx_HAL_Driver/Src/stm32h5xx_hal_spi.o
 .ARM.attributes
                0x0000000000000370       0x3a ./Drivers/STM32H5xx_HAL_Driver/Src/stm32h5xx_hal_uart.o
 .ARM.attributes
                0x00000000000003aa       0x3a ./Drivers/STM32H5xx_HAL_Driver/Src/stm32h5xx_hal_uart_ex.o
 .ARM.attributes
                0x00000000000003e4       0x38 /opt/stm32cubeide/plugins/com.st.stm32cube.ide.mcu.externaltools.gnu-tools-for-stm32.11.3.rel1.linux64_1.1.1.202309131626/tools/bin/../lib/gcc/arm-none-eabi/11.3.1/../../../../arm-none-eabi/lib/thumb/v8-m.main+fp/hard/libc_nano.a(libc_a-findfp.o)
 .ARM.attributes
                0x000000000000041c       0x38 /opt/stm32cubeide/plugins/com.st.stm32cube.ide.mcu.externaltools.gnu-tools-for-stm32.11.3.rel1.linux64_1.1.1.202309131626/tools/bin/../lib/gcc/arm-none-eabi/11.3.1/../../../../arm-none-eabi/lib/thumb/v8-m.main+fp/hard/libc_nano.a(libc_a-fwalk.o)
 .ARM.attributes
                0x0000000000000454       0x38 /opt/stm32cubeide/plugins/com.st.stm32cube.ide.mcu.externaltools.gnu-tools-for-stm32.11.3.rel1.linux64_1.1.1.202309131626/tools/bin/../lib/gcc/arm-none-eabi/11.3.1/../../../../arm-none-eabi/lib/thumb/v8-m.main+fp/hard/libc_nano.a(libc_a-printf.o)
 .ARM.attributes
                0x000000000000048c       0x38 /opt/stm32cubeide/plugins/com.st.stm32cube.ide.mcu.externaltools.gnu-tools-for-stm32.11.3.rel1.linux64_1.1.1.202309131626/tools/bin/../lib/gcc/arm-none-eabi/11.3.1/../../../../arm-none-eabi/lib/thumb/v8-m.main+fp/hard/libc_nano.a(libc_a-puts.o)
 .ARM.attributes
                0x00000000000004c4       0x38 /opt/stm32cubeide/plugins/com.st.stm32cube.ide.mcu.externaltools.gnu-tools-for-stm32.11.3.rel1.linux64_1.1.1.202309131626/tools/bin/../lib/gcc/arm-none-eabi/11.3.1/../../../../arm-none-eabi/lib/thumb/v8-m.main+fp/hard/libc_nano.a(libc_a-stdio.o)
 .ARM.attributes
                0x00000000000004fc       0x38 /opt/stm32cubeide/plugins/com.st.stm32cube.ide.mcu.externaltools.gnu-tools-for-stm32.11.3.rel1.linux64_1.1.1.202309131626/tools/bin/../lib/gcc/arm-none-eabi/11.3.1/../../../../arm-none-eabi/lib/thumb/v8-m.main+fp/hard/libc_nano.a(libc_a-wbuf.o)
 .ARM.attributes
                0x0000000000000534       0x38 /opt/stm32cubeide/plugins/com.st.stm32cube.ide.mcu.externaltools.gnu-tools-for-stm32.11.3.rel1.linux64_1.1.1.202309131626/tools/bin/../lib/gcc/arm-none-eabi/11.3.1/../../../../arm-none-eabi/lib/thumb/v8-m.main+fp/hard/libc_nano.a(libc_a-wsetup.o)
 .ARM.attributes
                0x000000000000056c       0x38 /opt/stm32cubeide/plugins/com.st.stm32cube.ide.mcu.externaltools.gnu-tools-for-stm32.11.3.rel1.linux64_1.1.1.202309131626/tools/bin/../lib/gcc/arm-none-eabi/11.3.1/../../../../arm-none-eabi/lib/thumb/v8-m.main+fp/hard/libc_nano.a(libc_a-memset.o)
 .ARM.attributes
                0x00000000000005a4       0x38 /opt/stm32cubeide/plugins/com.st.stm32cube.ide.mcu.externaltools.gnu-tools-for-stm32.11.3.rel1.linux64_1.1.1.202309131626/tools/bin/../lib/gcc/arm-none-eabi/11.3.1/../../../../arm-none-eabi/lib/thumb/v8-m.main+fp/hard/libc_nano.a(libc_a-closer.o)
 .ARM.attributes
                0x00000000000005dc       0x38 /opt/stm32cubeide/plugins/com.st.stm32cube.ide.mcu.externaltools.gnu-tools-for-stm32.11.3.rel1.linux64_1.1.1.202309131626/tools/bin/../lib/gcc/arm-none-eabi/11.3.1/../../../../arm-none-eabi/lib/thumb/v8-m.main+fp/hard/libc_nano.a(libc_a-reent.o)
 .ARM.attributes
                0x0000000000000614       0x38 /opt/stm32cubeide/plugins/com.st.stm32cube.ide.mcu.externaltools.gnu-tools-for-stm32.11.3.rel1.linux64_1.1.1.202309131626/tools/bin/../lib/gcc/arm-none-eabi/11.3.1/../../../../arm-none-eabi/lib/thumb/v8-m.main+fp/hard/libc_nano.a(libc_a-impure.o)
 .ARM.attributes
                0x000000000000064c       0x38 /opt/stm32cubeide/plugins/com.st.stm32cube.ide.mcu.externaltools.gnu-tools-for-stm32.11.3.rel1.linux64_1.1.1.202309131626/tools/bin/../lib/gcc/arm-none-eabi/11.3.1/../../../../arm-none-eabi/lib/thumb/v8-m.main+fp/hard/libc_nano.a(libc_a-lseekr.o)
 .ARM.attributes
                0x0000000000000684       0x38 /opt/stm32cubeide/plugins/com.st.stm32cube.ide.mcu.externaltools.gnu-tools-for-stm32.11.3.rel1.linux64_1.1.1.202309131626/tools/bin/../lib/gcc/arm-none-eabi/11.3.1/../../../../arm-none-eabi/lib/thumb/v8-m.main+fp/hard/libc_nano.a(libc_a-readr.o)
 .ARM.attributes
                0x00000000000006bc       0x38 /opt/stm32cubeide/plugins/com.st.stm32cube.ide.mcu.externaltools.gnu-tools-for-stm32.11.3.rel1.linux64_1.1.1.202309131626/tools/bin/../lib/gcc/arm-none-eabi/11.3.1/../../../../arm-none-eabi/lib/thumb/v8-m.main+fp/hard/libc_nano.a(libc_a-writer.o)
 .ARM.attributes
                0x00000000000006f4       0x38 /opt/stm32cubeide/plugins/com.st.stm32cube.ide.mcu.externaltools.gnu-tools-for-stm32.11.3.rel1.linux64_1.1.1.202309131626/tools/bin/../lib/gcc/arm-none-eabi/11.3.1/../../../../arm-none-eabi/lib/thumb/v8-m.main+fp/hard/libc_nano.a(libc_a-errno.o)
 .ARM.attributes
                0x000000000000072c       0x38 /opt/stm32cubeide/plugins/com.st.stm32cube.ide.mcu.externaltools.gnu-tools-for-stm32.11.3.rel1.linux64_1.1.1.202309131626/tools/bin/../lib/gcc/arm-none-eabi/11.3.1/../../../../arm-none-eabi/lib/thumb/v8-m.main+fp/hard/libc_nano.a(libc_a-init.o)
 .ARM.attributes
                0x0000000000000764       0x38 /opt/stm32cubeide/plugins/com.st.stm32cube.ide.mcu.externaltools.gnu-tools-for-stm32.11.3.rel1.linux64_1.1.1.202309131626/tools/bin/../lib/gcc/arm-none-eabi/11.3.1/../../../../arm-none-eabi/lib/thumb/v8-m.main+fp/hard/libc_nano.a(libc_a-lock.o)
 .ARM.attributes
                0x000000000000079c       0x38 /opt/stm32cubeide/plugins/com.st.stm32cube.ide.mcu.externaltools.gnu-tools-for-stm32.11.3.rel1.linux64_1.1.1.202309131626/tools/bin/../lib/gcc/arm-none-eabi/11.3.1/../../../../arm-none-eabi/lib/thumb/v8-m.main+fp/hard/libc_nano.a(libc_a-freer.o)
 .ARM.attributes
                0x00000000000007d4       0x38 /opt/stm32cubeide/plugins/com.st.stm32cube.ide.mcu.externaltools.gnu-tools-for-stm32.11.3.rel1.linux64_1.1.1.202309131626/tools/bin/../lib/gcc/arm-none-eabi/11.3.1/../../../../arm-none-eabi/lib/thumb/v8-m.main+fp/hard/libc_nano.a(libc_a-mallocr.o)
 .ARM.attributes
                0x000000000000080c       0x38 /opt/stm32cubeide/plugins/com.st.stm32cube.ide.mcu.externaltools.gnu-tools-for-stm32.11.3.rel1.linux64_1.1.1.202309131626/tools/bin/../lib/gcc/arm-none-eabi/11.3.1/../../../../arm-none-eabi/lib/thumb/v8-m.main+fp/hard/libc_nano.a(libc_a-mlock.o)
 .ARM.attributes
                0x0000000000000844       0x38 /opt/stm32cubeide/plugins/com.st.stm32cube.ide.mcu.externaltools.gnu-tools-for-stm32.11.3.rel1.linux64_1.1.1.202309131626/tools/bin/../lib/gcc/arm-none-eabi/11.3.1/../../../../arm-none-eabi/lib/thumb/v8-m.main+fp/hard/libc_nano.a(libc_a-nano-vfprintf.o)
 .ARM.attributes
                0x000000000000087c       0x38 /opt/stm32cubeide/plugins/com.st.stm32cube.ide.mcu.externaltools.gnu-tools-for-stm32.11.3.rel1.linux64_1.1.1.202309131626/tools/bin/../lib/gcc/arm-none-eabi/11.3.1/../../../../arm-none-eabi/lib/thumb/v8-m.main+fp/hard/libc_nano.a(libc_a-nano-vfprintf_i.o)
 .ARM.attributes
                0x00000000000008b4       0x38 /opt/stm32cubeide/plugins/com.st.stm32cube.ide.mcu.externaltools.gnu-tools-for-stm32.11.3.rel1.linux64_1.1.1.202309131626/tools/bin/../lib/gcc/arm-none-eabi/11.3.1/../../../../arm-none-eabi/lib/thumb/v8-m.main+fp/hard/libc_nano.a(libc_a-fflush.o)
 .ARM.attributes
                0x00000000000008ec       0x38 /opt/stm32cubeide/plugins/com.st.stm32cube.ide.mcu.externaltools.gnu-tools-for-stm32.11.3.rel1.linux64_1.1.1.202309131626/tools/bin/../lib/gcc/arm-none-eabi/11.3.1/../../../../arm-none-eabi/lib/thumb/v8-m.main+fp/hard/libc_nano.a(libc_a-makebuf.o)
 .ARM.attributes
                0x0000000000000924       0x38 /opt/stm32cubeide/plugins/com.st.stm32cube.ide.mcu.externaltools.gnu-tools-for-stm32.11.3.rel1.linux64_1.1.1.202309131626/tools/bin/../lib/gcc/arm-none-eabi/11.3.1/../../../../arm-none-eabi/lib/thumb/v8-m.main+fp/hard/libc_nano.a(libc_a-fstatr.o)
 .ARM.attributes
                0x000000000000095c       0x38 /opt/stm32cubeide/plugins/com.st.stm32cube.ide.mcu.externaltools.gnu-tools-for-stm32.11.3.rel1.linux64_1.1.1.202309131626/tools/bin/../lib/gcc/arm-none-eabi/11.3.1/../../../../arm-none-eabi/lib/thumb/v8-m.main+fp/hard/libc_nano.a(libc_a-isattyr.o)
 .ARM.attributes
                0x0000000000000994       0x38 /opt/stm32cubeide/plugins/com.st.stm32cube.ide.mcu.externaltools.gnu-tools-for-stm32.11.3.rel1.linux64_1.1.1.202309131626/tools/bin/../lib/gcc/arm-none-eabi/11.3.1/../../../../arm-none-eabi/lib/thumb/v8-m.main+fp/hard/libc_nano.a(libc_a-sbrkr.o)
 .ARM.attributes
                0x00000000000009cc       0x38 /opt/stm32cubeide/plugins/com.st.stm32cube.ide.mcu.externaltools.gnu-tools-for-stm32.11.3.rel1.linux64_1.1.1.202309131626/tools/bin/../lib/gcc/arm-none-eabi/11.3.1/../../../../arm-none-eabi/lib/thumb/v8-m.main+fp/hard/libc_nano.a(libc_a-memchr-stub.o)
 .ARM.attributes
                0x0000000000000a04       0x22 /opt/stm32cubeide/plugins/com.st.stm32cube.ide.mcu.externaltools.gnu-tools-for-stm32.11.3.rel1.linux64_1.1.1.202309131626/tools/bin/../lib/gcc/arm-none-eabi/11.3.1/thumb/v8-m.main+fp/hard/libgcc.a(_aeabi_uldivmod.o)
 .ARM.attributes
                0x0000000000000a26       0x38 /opt/stm32cubeide/plugins/com.st.stm32cube.ide.mcu.externaltools.gnu-tools-for-stm32.11.3.rel1.linux64_1.1.1.202309131626/tools/bin/../lib/gcc/arm-none-eabi/11.3.1/thumb/v8-m.main+fp/hard/libgcc.a(_udivmoddi4.o)
 .ARM.attributes
                0x0000000000000a5e       0x22 /opt/stm32cubeide/plugins/com.st.stm32cube.ide.mcu.externaltools.gnu-tools-for-stm32.11.3.rel1.linux64_1.1.1.202309131626/tools/bin/../lib/gcc/arm-none-eabi/11.3.1/thumb/v8-m.main+fp/hard/libgcc.a(_dvmd_tls.o)
 .ARM.attributes
                0x0000000000000a80       0x22 /opt/stm32cubeide/plugins/com.st.stm32cube.ide.mcu.externaltools.gnu-tools-for-stm32.11.3.rel1.linux64_1.1.1.202309131626/tools/bin/../lib/gcc/arm-none-eabi/11.3.1/thumb/v8-m.main+fp/hard/crtn.o
OUTPUT(nrf-tx-h563-simple.elf elf32-littlearm)
LOAD linker stubs
LOAD /opt/stm32cubeide/plugins/com.st.stm32cube.ide.mcu.externaltools.gnu-tools-for-stm32.11.3.rel1.linux64_1.1.1.202309131626/tools/bin/../lib/gcc/arm-none-eabi/11.3.1/../../../../arm-none-eabi/lib/thumb/v8-m.main+fp/hard/libc.a
LOAD /opt/stm32cubeide/plugins/com.st.stm32cube.ide.mcu.externaltools.gnu-tools-for-stm32.11.3.rel1.linux64_1.1.1.202309131626/tools/bin/../lib/gcc/arm-none-eabi/11.3.1/../../../../arm-none-eabi/lib/thumb/v8-m.main+fp/hard/libm.a
LOAD /opt/stm32cubeide/plugins/com.st.stm32cube.ide.mcu.externaltools.gnu-tools-for-stm32.11.3.rel1.linux64_1.1.1.202309131626/tools/bin/../lib/gcc/arm-none-eabi/11.3.1/thumb/v8-m.main+fp/hard/libgcc.a

.comment        0x0000000000000000       0x43
 .comment       0x0000000000000000       0x43 /opt/stm32cubeide/plugins/com.st.stm32cube.ide.mcu.externaltools.gnu-tools-for-stm32.11.3.rel1.linux64_1.1.1.202309131626/tools/bin/../lib/gcc/arm-none-eabi/11.3.1/thumb/v8-m.main+fp/hard/crtbegin.o
                                         0x44 (size before relaxing)
 .comment       0x0000000000000043       0x44 ./Core/Src/main.o
 .comment       0x0000000000000043       0x44 ./Core/Src/nrf24l01.o
 .comment       0x0000000000000043       0x44 ./Core/Src/stm32h5xx_hal_msp.o
 .comment       0x0000000000000043       0x44 ./Core/Src/stm32h5xx_it.o
 .comment       0x0000000000000043       0x44 ./Core/Src/syscalls.o
 .comment       0x0000000000000043       0x44 ./Core/Src/sysmem.o
 .comment       0x0000000000000043       0x44 ./Core/Src/system_stm32h5xx.o
 .comment       0x0000000000000043       0x44 ./Drivers/STM32H5xx_HAL_Driver/Src/stm32h5xx_hal.o
 .comment       0x0000000000000043       0x44 ./Drivers/STM32H5xx_HAL_Driver/Src/stm32h5xx_hal_cortex.o
 .comment       0x0000000000000043       0x44 ./Drivers/STM32H5xx_HAL_Driver/Src/stm32h5xx_hal_gpio.o
 .comment       0x0000000000000043       0x44 ./Drivers/STM32H5xx_HAL_Driver/Src/stm32h5xx_hal_rcc.o
 .comment       0x0000000000000043       0x44 ./Drivers/STM32H5xx_HAL_Driver/Src/stm32h5xx_hal_rcc_ex.o
 .comment       0x0000000000000043       0x44 ./Drivers/STM32H5xx_HAL_Driver/Src/stm32h5xx_hal_spi.o
 .comment       0x0000000000000043       0x44 ./Drivers/STM32H5xx_HAL_Driver/Src/stm32h5xx_hal_uart.o
 .comment       0x0000000000000043       0x44 ./Drivers/STM32H5xx_HAL_Driver/Src/stm32h5xx_hal_uart_ex.o

.debug_info     0x0000000000000000    0x115fc
 .debug_info    0x0000000000000000     0x1c23 ./Core/Src/main.o
 .debug_info    0x0000000000001c23     0x115d ./Core/Src/nrf24l01.o
 .debug_info    0x0000000000002d80     0x16e5 ./Core/Src/stm32h5xx_hal_msp.o
 .debug_info    0x0000000000004465      0x161 ./Core/Src/stm32h5xx_it.o
 .debug_info    0x00000000000045c6      0x6a3 ./Core/Src/syscalls.o
 .debug_info    0x0000000000004c69      0x168 ./Core/Src/sysmem.o
 .debug_info    0x0000000000004dd1      0xd8e ./Core/Src/system_stm32h5xx.o
 .debug_info    0x0000000000005b5f       0x23 ./Core/Startup/startup_stm32h563zitx.o
 .debug_info    0x0000000000005b82     0x1361 ./Drivers/STM32H5xx_HAL_Driver/Src/stm32h5xx_hal.o
 .debug_info    0x0000000000006ee3     0x15f8 ./Drivers/STM32H5xx_HAL_Driver/Src/stm32h5xx_hal_cortex.o
 .debug_info    0x00000000000084db      0x6b6 ./Drivers/STM32H5xx_HAL_Driver/Src/stm32h5xx_hal_gpio.o
 .debug_info    0x0000000000008b91     0x109f ./Drivers/STM32H5xx_HAL_Driver/Src/stm32h5xx_hal_rcc.o
 .debug_info    0x0000000000009c30     0x12d7 ./Drivers/STM32H5xx_HAL_Driver/Src/stm32h5xx_hal_rcc_ex.o
 .debug_info    0x000000000000af07     0x15d8 ./Drivers/STM32H5xx_HAL_Driver/Src/stm32h5xx_hal_spi.o
 .debug_info    0x000000000000c4df     0x4030 ./Drivers/STM32H5xx_HAL_Driver/Src/stm32h5xx_hal_uart.o
 .debug_info    0x000000000001050f     0x10ed ./Drivers/STM32H5xx_HAL_Driver/Src/stm32h5xx_hal_uart_ex.o

.debug_abbrev   0x0000000000000000     0x2166
 .debug_abbrev  0x0000000000000000      0x334 ./Core/Src/main.o
 .debug_abbrev  0x0000000000000334      0x2c8 ./Core/Src/nrf24l01.o
 .debug_abbrev  0x00000000000005fc      0x203 ./Core/Src/stm32h5xx_hal_msp.o
 .debug_abbrev  0x00000000000007ff       0xa0 ./Core/Src/stm32h5xx_it.o
 .debug_abbrev  0x000000000000089f      0x1b6 ./Core/Src/syscalls.o
 .debug_abbrev  0x0000000000000a55       0xbc ./Core/Src/sysmem.o
 .debug_abbrev  0x0000000000000b11      0x13a ./Core/Src/system_stm32h5xx.o
 .debug_abbrev  0x0000000000000c4b       0x12 ./Core/Startup/startup_stm32h563zitx.o
 .debug_abbrev  0x0000000000000c5d      0x29c ./Drivers/STM32H5xx_HAL_Driver/Src/stm32h5xx_hal.o
 .debug_abbrev  0x0000000000000ef9      0x30d ./Drivers/STM32H5xx_HAL_Driver/Src/stm32h5xx_hal_cortex.o
 .debug_abbrev  0x0000000000001206      0x1db ./Drivers/STM32H5xx_HAL_Driver/Src/stm32h5xx_hal_gpio.o
 .debug_abbrev  0x00000000000013e1      0x290 ./Drivers/STM32H5xx_HAL_Driver/Src/stm32h5xx_hal_rcc.o
 .debug_abbrev  0x0000000000001671      0x269 ./Drivers/STM32H5xx_HAL_Driver/Src/stm32h5xx_hal_rcc_ex.o
 .debug_abbrev  0x00000000000018da      0x2b3 ./Drivers/STM32H5xx_HAL_Driver/Src/stm32h5xx_hal_spi.o
 .debug_abbrev  0x0000000000001b8d      0x305 ./Drivers/STM32H5xx_HAL_Driver/Src/stm32h5xx_hal_uart.o
 .debug_abbrev  0x0000000000001e92      0x2d4 ./Drivers/STM32H5xx_HAL_Driver/Src/stm32h5xx_hal_uart_ex.o

.debug_aranges  0x0000000000000000      0xd08
 .debug_aranges
                0x0000000000000000       0x68 ./Core/Src/main.o
 .debug_aranges
                0x0000000000000068       0xf8 ./Core/Src/nrf24l01.o
 .debug_aranges
                0x0000000000000160       0x40 ./Core/Src/stm32h5xx_hal_msp.o
 .debug_aranges
                0x00000000000001a0       0x68 ./Core/Src/stm32h5xx_it.o
 .debug_aranges
                0x0000000000000208       0xa8 ./Core/Src/syscalls.o
 .debug_aranges
                0x00000000000002b0       0x20 ./Core/Src/sysmem.o
 .debug_aranges
                0x00000000000002d0       0x28 ./Core/Src/system_stm32h5xx.o
 .debug_aranges
                0x00000000000002f8       0x28 ./Core/Startup/startup_stm32h563zitx.o
 .debug_aranges
                0x0000000000000320      0x200 ./Drivers/STM32H5xx_HAL_Driver/Src/stm32h5xx_hal.o
 .debug_aranges
                0x0000000000000520      0x130 ./Drivers/STM32H5xx_HAL_Driver/Src/stm32h5xx_hal_cortex.o
 .debug_aranges
                0x0000000000000650       0x78 ./Drivers/STM32H5xx_HAL_Driver/Src/stm32h5xx_hal_gpio.o
 .debug_aranges
                0x00000000000006c8       0xa0 ./Drivers/STM32H5xx_HAL_Driver/Src/stm32h5xx_hal_rcc.o
 .debug_aranges
                0x0000000000000768      0x108 ./Drivers/STM32H5xx_HAL_Driver/Src/stm32h5xx_hal_rcc_ex.o
 .debug_aranges
                0x0000000000000870      0x1a8 ./Drivers/STM32H5xx_HAL_Driver/Src/stm32h5xx_hal_spi.o
 .debug_aranges
                0x0000000000000a18      0x248 ./Drivers/STM32H5xx_HAL_Driver/Src/stm32h5xx_hal_uart.o
 .debug_aranges
                0x0000000000000c60       0xa8 ./Drivers/STM32H5xx_HAL_Driver/Src/stm32h5xx_hal_uart_ex.o

.debug_rnglists
                0x0000000000000000      0x9fa
 .debug_rnglists
                0x0000000000000000       0x4e ./Core/Src/main.o
 .debug_rnglists
                0x000000000000004e       0xb9 ./Core/Src/nrf24l01.o
 .debug_rnglists
                0x0000000000000107       0x2d ./Core/Src/stm32h5xx_hal_msp.o
 .debug_rnglists
                0x0000000000000134       0x49 ./Core/Src/stm32h5xx_it.o
 .debug_rnglists
                0x000000000000017d       0x79 ./Core/Src/syscalls.o
 .debug_rnglists
                0x00000000000001f6       0x13 ./Core/Src/sysmem.o
 .debug_rnglists
                0x0000000000000209       0x1b ./Core/Src/system_stm32h5xx.o
 .debug_rnglists
                0x0000000000000224       0x19 ./Core/Startup/startup_stm32h563zitx.o
 .debug_rnglists
                0x000000000000023d      0x17c ./Drivers/STM32H5xx_HAL_Driver/Src/stm32h5xx_hal.o
 .debug_rnglists
                0x00000000000003b9       0xe0 ./Drivers/STM32H5xx_HAL_Driver/Src/stm32h5xx_hal_cortex.o
 .debug_rnglists
                0x0000000000000499       0x57 ./Drivers/STM32H5xx_HAL_Driver/Src/stm32h5xx_hal_gpio.o
 .debug_rnglists
                0x00000000000004f0       0x79 ./Drivers/STM32H5xx_HAL_Driver/Src/stm32h5xx_hal_rcc.o
 .debug_rnglists
                0x0000000000000569       0xcf ./Drivers/STM32H5xx_HAL_Driver/Src/stm32h5xx_hal_rcc_ex.o
 .debug_rnglists
                0x0000000000000638      0x148 ./Drivers/STM32H5xx_HAL_Driver/Src/stm32h5xx_hal_spi.o
 .debug_rnglists
                0x0000000000000780      0x1fb ./Drivers/STM32H5xx_HAL_Driver/Src/stm32h5xx_hal_uart.o
 .debug_rnglists
                0x000000000000097b       0x7f ./Drivers/STM32H5xx_HAL_Driver/Src/stm32h5xx_hal_uart_ex.o

.debug_macro    0x0000000000000000    0x3139e
 .debug_macro   0x0000000000000000      0x2c5 ./Core/Src/main.o
 .debug_macro   0x00000000000002c5      0xaae ./Core/Src/main.o
 .debug_macro   0x0000000000000d73      0x1ca ./Core/Src/main.o
 .debug_macro   0x0000000000000f3d       0x22 ./Core/Src/main.o
 .debug_macro   0x0000000000000f5f       0x5b ./Core/Src/main.o
 .debug_macro   0x0000000000000fba       0x2a ./Core/Src/main.o
 .debug_macro   0x0000000000000fe4       0x94 ./Core/Src/main.o
 .debug_macro   0x0000000000001078       0x43 ./Core/Src/main.o
 .debug_macro   0x00000000000010bb       0x34 ./Core/Src/main.o
 .debug_macro   0x00000000000010ef      0x174 ./Core/Src/main.o
 .debug_macro   0x0000000000001263       0x16 ./Core/Src/main.o
 .debug_macro   0x0000000000001279       0x43 ./Core/Src/main.o
 .debug_macro   0x00000000000012bc       0x57 ./Core/Src/main.o
 .debug_macro   0x0000000000001313       0x34 ./Core/Src/main.o
 .debug_macro   0x0000000000001347       0x10 ./Core/Src/main.o
 .debug_macro   0x0000000000001357       0x58 ./Core/Src/main.o
 .debug_macro   0x00000000000013af       0x8e ./Core/Src/main.o
 .debug_macro   0x000000000000143d       0x1c ./Core/Src/main.o
 .debug_macro   0x0000000000001459      0x177 ./Core/Src/main.o
 .debug_macro   0x00000000000015d0      0x369 ./Core/Src/main.o
 .debug_macro   0x0000000000001939      0x19b ./Core/Src/main.o
 .debug_macro   0x0000000000001ad4       0x28 ./Core/Src/main.o
 .debug_macro   0x0000000000001afc       0x49 ./Core/Src/main.o
 .debug_macro   0x0000000000001b45      0x103 ./Core/Src/main.o
 .debug_macro   0x0000000000001c48       0x6a ./Core/Src/main.o
 .debug_macro   0x0000000000001cb2      0x1df ./Core/Src/main.o
 .debug_macro   0x0000000000001e91       0x1c ./Core/Src/main.o
 .debug_macro   0x0000000000001ead       0x29 ./Core/Src/main.o
 .debug_macro   0x0000000000001ed6       0xfb ./Core/Src/main.o
 .debug_macro   0x0000000000001fd1     0x1685 ./Core/Src/main.o
 .debug_macro   0x0000000000003656       0x5e ./Core/Src/main.o
 .debug_macro   0x00000000000036b4    0x20913 ./Core/Src/main.o
 .debug_macro   0x0000000000023fc7       0x6d ./Core/Src/main.o
 .debug_macro   0x0000000000024034     0x387c ./Core/Src/main.o
 .debug_macro   0x00000000000278b0       0x63 ./Core/Src/main.o
 .debug_macro   0x0000000000027913     0x1ee3 ./Core/Src/main.o
 .debug_macro   0x00000000000297f6      0xe96 ./Core/Src/main.o
 .debug_macro   0x000000000002a68c      0x15f ./Core/Src/main.o
 .debug_macro   0x000000000002a7eb      0x2ff ./Core/Src/main.o
 .debug_macro   0x000000000002aaea      0x917 ./Core/Src/main.o
 .debug_macro   0x000000000002b401      0x478 ./Core/Src/main.o
 .debug_macro   0x000000000002b879       0xd6 ./Core/Src/main.o
 .debug_macro   0x000000000002b94f      0x1ce ./Core/Src/main.o
 .debug_macro   0x000000000002bb1d      0x554 ./Core/Src/main.o
 .debug_macro   0x000000000002c071      0x5eb ./Core/Src/main.o
 .debug_macro   0x000000000002c65c       0x74 ./Core/Src/main.o
 .debug_macro   0x000000000002c6d0      0x313 ./Core/Src/main.o
 .debug_macro   0x000000000002c9e3      0x1bb ./Core/Src/main.o
 .debug_macro   0x000000000002cb9e      0x5cf ./Core/Src/main.o
 .debug_macro   0x000000000002d16d       0xd6 ./Core/Src/main.o
 .debug_macro   0x000000000002d243      0x693 ./Core/Src/main.o
 .debug_macro   0x000000000002d8d6       0xa6 ./Core/Src/main.o
 .debug_macro   0x000000000002d97c      0x2a0 ./Core/Src/main.o
 .debug_macro   0x000000000002dc1c      0x485 ./Core/Src/main.o
 .debug_macro   0x000000000002e0a1       0x52 ./Core/Src/main.o
 .debug_macro   0x000000000002e0f3       0x1c ./Core/Src/main.o
 .debug_macro   0x000000000002e10f       0x35 ./Core/Src/main.o
 .debug_macro   0x000000000002e144       0x10 ./Core/Src/main.o
 .debug_macro   0x000000000002e154       0x1c ./Core/Src/main.o
 .debug_macro   0x000000000002e170       0x16 ./Core/Src/main.o
 .debug_macro   0x000000000002e186      0x147 ./Core/Src/main.o
 .debug_macro   0x000000000002e2cd      0x106 ./Core/Src/main.o
 .debug_macro   0x000000000002e3d3      0x2d6 ./Core/Src/nrf24l01.o
 .debug_macro   0x000000000002e6a9       0x8e ./Core/Src/nrf24l01.o
 .debug_macro   0x000000000002e737       0x51 ./Core/Src/nrf24l01.o
 .debug_macro   0x000000000002e788       0x61 ./Core/Src/nrf24l01.o
 .debug_macro   0x000000000002e7e9      0x100 ./Core/Src/nrf24l01.o
 .debug_macro   0x000000000002e8e9      0x282 ./Core/Src/stm32h5xx_hal_msp.o
 .debug_macro   0x000000000002eb6b      0x28c ./Core/Src/stm32h5xx_it.o
 .debug_macro   0x000000000002edf7      0x274 ./Core/Src/syscalls.o
 .debug_macro   0x000000000002f06b       0x10 ./Core/Src/syscalls.o
 .debug_macro   0x000000000002f07b       0x10 ./Core/Src/syscalls.o
 .debug_macro   0x000000000002f08b       0x10 ./Core/Src/syscalls.o
 .debug_macro   0x000000000002f09b       0x10 ./Core/Src/syscalls.o
 .debug_macro   0x000000000002f0ab       0x1c ./Core/Src/syscalls.o
 .debug_macro   0x000000000002f0c7       0x52 ./Core/Src/syscalls.o
 .debug_macro   0x000000000002f119       0x22 ./Core/Src/syscalls.o
 .debug_macro   0x000000000002f13b       0x10 ./Core/Src/syscalls.o
 .debug_macro   0x000000000002f14b       0x52 ./Core/Src/syscalls.o
 .debug_macro   0x000000000002f19d       0xcf ./Core/Src/syscalls.o
 .debug_macro   0x000000000002f26c       0x1c ./Core/Src/syscalls.o
 .debug_macro   0x000000000002f288       0x3d ./Core/Src/syscalls.o
 .debug_macro   0x000000000002f2c5       0x35 ./Core/Src/syscalls.o
 .debug_macro   0x000000000002f2fa      0x12c ./Core/Src/syscalls.o
 .debug_macro   0x000000000002f426       0x16 ./Core/Src/syscalls.o
 .debug_macro   0x000000000002f43c       0x16 ./Core/Src/syscalls.o
 .debug_macro   0x000000000002f452       0x29 ./Core/Src/syscalls.o
 .debug_macro   0x000000000002f47b       0x10 ./Core/Src/syscalls.o
 .debug_macro   0x000000000002f48b      0x242 ./Core/Src/syscalls.o
 .debug_macro   0x000000000002f6cd       0x10 ./Core/Src/syscalls.o
 .debug_macro   0x000000000002f6dd      0x18a ./Core/Src/syscalls.o
 .debug_macro   0x000000000002f867       0x16 ./Core/Src/syscalls.o
 .debug_macro   0x000000000002f87d       0xce ./Core/Src/syscalls.o
 .debug_macro   0x000000000002f94b       0xff ./Core/Src/sysmem.o
 .debug_macro   0x000000000002fa4a      0x23c ./Core/Src/sysmem.o
 .debug_macro   0x000000000002fc86      0x27a ./Core/Src/system_stm32h5xx.o
 .debug_macro   0x000000000002ff00      0x2a9 ./Drivers/STM32H5xx_HAL_Driver/Src/stm32h5xx_hal.o
 .debug_macro   0x00000000000301a9      0x273 ./Drivers/STM32H5xx_HAL_Driver/Src/stm32h5xx_hal_cortex.o
 .debug_macro   0x000000000003041c      0x2a9 ./Drivers/STM32H5xx_HAL_Driver/Src/stm32h5xx_hal_gpio.o
 .debug_macro   0x00000000000306c5      0x2b5 ./Drivers/STM32H5xx_HAL_Driver/Src/stm32h5xx_hal_rcc.o
 .debug_macro   0x000000000003097a      0x285 ./Drivers/STM32H5xx_HAL_Driver/Src/stm32h5xx_hal_rcc_ex.o
 .debug_macro   0x0000000000030bff      0x282 ./Drivers/STM32H5xx_HAL_Driver/Src/stm32h5xx_hal_spi.o
 .debug_macro   0x0000000000030e81      0x29e ./Drivers/STM32H5xx_HAL_Driver/Src/stm32h5xx_hal_uart.o
 .debug_macro   0x000000000003111f      0x27f ./Drivers/STM32H5xx_HAL_Driver/Src/stm32h5xx_hal_uart_ex.o

.debug_line     0x0000000000000000    0x10a37
 .debug_line    0x0000000000000000      0x9cc ./Core/Src/main.o
 .debug_line    0x00000000000009cc      0xbcb ./Core/Src/nrf24l01.o
 .debug_line    0x0000000000001597      0x864 ./Core/Src/stm32h5xx_hal_msp.o
 .debug_line    0x0000000000001dfb      0x858 ./Core/Src/stm32h5xx_it.o
 .debug_line    0x0000000000002653      0x7ab ./Core/Src/syscalls.o
 .debug_line    0x0000000000002dfe      0x47c ./Core/Src/sysmem.o
 .debug_line    0x000000000000327a      0x8ee ./Core/Src/system_stm32h5xx.o
 .debug_line    0x0000000000003b68       0x7b ./Core/Startup/startup_stm32h563zitx.o
 .debug_line    0x0000000000003be3      0xe42 ./Drivers/STM32H5xx_HAL_Driver/Src/stm32h5xx_hal.o
 .debug_line    0x0000000000004a25      0xdac ./Drivers/STM32H5xx_HAL_Driver/Src/stm32h5xx_hal_cortex.o
 .debug_line    0x00000000000057d1      0xb5e ./Drivers/STM32H5xx_HAL_Driver/Src/stm32h5xx_hal_gpio.o
 .debug_line    0x000000000000632f     0x11f3 ./Drivers/STM32H5xx_HAL_Driver/Src/stm32h5xx_hal_rcc.o
 .debug_line    0x0000000000007522     0x2cc1 ./Drivers/STM32H5xx_HAL_Driver/Src/stm32h5xx_hal_rcc_ex.o
 .debug_line    0x000000000000a1e3     0x218c ./Drivers/STM32H5xx_HAL_Driver/Src/stm32h5xx_hal_spi.o
 .debug_line    0x000000000000c36f     0x3909 ./Drivers/STM32H5xx_HAL_Driver/Src/stm32h5xx_hal_uart.o
 .debug_line    0x000000000000fc78      0xdbf ./Drivers/STM32H5xx_HAL_Driver/Src/stm32h5xx_hal_uart_ex.o

.debug_str      0x0000000000000000   0x1329ce
 .debug_str     0x0000000000000000   0x12d004 ./Core/Src/main.o
                                     0x12d426 (size before relaxing)
 .debug_str     0x000000000012d004      0x37e ./Core/Src/nrf24l01.o
                                     0x12c0ed (size before relaxing)
 .debug_str     0x000000000012d382      0x51d ./Core/Src/stm32h5xx_hal_msp.o
                                     0x12c3bb (size before relaxing)
 .debug_str     0x000000000012d89f       0xf4 ./Core/Src/stm32h5xx_it.o
                                     0x12b3cc (size before relaxing)
 .debug_str     0x000000000012d993     0x20db ./Core/Src/syscalls.o
                                       0x98d9 (size before relaxing)
 .debug_str     0x000000000012fa6e       0x6b ./Core/Src/sysmem.o
                                       0x6090 (size before relaxing)
 .debug_str     0x000000000012fad9      0x452 ./Core/Src/system_stm32h5xx.o
                                     0x12b839 (size before relaxing)
 .debug_str     0x000000000012ff2b       0x34 ./Core/Startup/startup_stm32h563zitx.o