../Core/Src/main.c:78:1:__io_putchar	16	static
../Core/Src/main.c:86:6:HAL_GPIO_EXTI_Rising_Callback	32	static
../Core/Src/main.c:114:6:runExample	24	static
../Core/Src/main.c:145:5:main	8	static
../Core/Src/main.c:191:6:SystemClock_Config	120	static
../Core/Src/main.c:245:13:MX_MEMORYMAP_Init	4	static
../Core/Src/main.c:266:13:MX_SPI1_Init	8	static
../Core/Src/main.c:314:13:MX_USART3_UART_Init	8	static
../Core/Src/main.c:362:13:MX_GPIO_Init	48	static
../Core/Src/main.c:417:6:Error_Handler	4	static,ignoring_inline_asm
