../Core/Src/main.c:73:1:__io_putchar	16	static
../Core/Src/main.c:81:6:HAL_GPIO_EXTI_Rising_Callback	32	static
../Core/Src/main.c:97:6:runExample	24	static
../Core/Src/main.c:120:5:main	8	static
../Core/Src/main.c:166:6:SystemClock_Config	120	static
../Core/Src/main.c:220:13:MX_MEMORYMAP_Init	4	static
../Core/Src/main.c:241:13:MX_SPI1_Init	8	static
../Core/Src/main.c:289:13:MX_USART3_UART_Init	8	static
../Core/Src/main.c:337:13:MX_GPIO_Init	48	static
../Core/Src/main.c:392:6:Error_Handler	4	static,ignoring_inline_asm
